******************************************************************************
                  MSP430 Linker PC v4.0.0                      
******************************************************************************
>> Linked Tue May 21 20:20:49 2024

OUTPUT FILE NAME:   <LAB7.out>
ENTRY POINT SYMBOL: "_c_int00"  address: 0000462e


MEMORY CONFIGURATION

         name            origin    length      used     unused   attr    fill
----------------------  --------  ---------  --------  --------  ----  --------
  SFR                   00000000   00000010  00000000  00000010  RWIX
  PERIPHERALS_8BIT      00000010   000000f0  00000000  000000f0  RWIX
  PERIPHERALS_16BIT     00000100   00000100  00000000  00000100  RWIX
  INFOD                 00001800   00000080  00000000  00000080  RWIX
  INFOC                 00001880   00000080  00000000  00000080  RWIX
  INFOB                 00001900   00000080  00000000  00000080  RWIX
  INFOA                 00001980   00000080  00000000  00000080  RWIX
  RAM                   00002400   00002000  000013ca  00000c36  RWIX
  FLASH                 00004400   0000bb80  00006a45  0000513b  RWIX
  INT00                 0000ff80   00000002  00000000  00000002  RWIX
  INT01                 0000ff82   00000002  00000000  00000002  RWIX
  INT02                 0000ff84   00000002  00000000  00000002  RWIX
  INT03                 0000ff86   00000002  00000000  00000002  RWIX
  INT04                 0000ff88   00000002  00000000  00000002  RWIX
  INT05                 0000ff8a   00000002  00000000  00000002  RWIX
  INT06                 0000ff8c   00000002  00000000  00000002  RWIX
  INT07                 0000ff8e   00000002  00000000  00000002  RWIX
  INT08                 0000ff90   00000002  00000000  00000002  RWIX
  INT09                 0000ff92   00000002  00000000  00000002  RWIX
  INT10                 0000ff94   00000002  00000000  00000002  RWIX
  INT11                 0000ff96   00000002  00000000  00000002  RWIX
  INT12                 0000ff98   00000002  00000000  00000002  RWIX
  INT13                 0000ff9a   00000002  00000000  00000002  RWIX
  INT14                 0000ff9c   00000002  00000000  00000002  RWIX
  INT15                 0000ff9e   00000002  00000000  00000002  RWIX
  INT16                 0000ffa0   00000002  00000000  00000002  RWIX
  INT17                 0000ffa2   00000002  00000000  00000002  RWIX
  INT18                 0000ffa4   00000002  00000000  00000002  RWIX
  INT19                 0000ffa6   00000002  00000000  00000002  RWIX
  INT20                 0000ffa8   00000002  00000000  00000002  RWIX
  INT21                 0000ffaa   00000002  00000000  00000002  RWIX
  INT22                 0000ffac   00000002  00000000  00000002  RWIX
  INT23                 0000ffae   00000002  00000000  00000002  RWIX
  INT24                 0000ffb0   00000002  00000000  00000002  RWIX
  INT25                 0000ffb2   00000002  00000000  00000002  RWIX
  INT26                 0000ffb4   00000002  00000000  00000002  RWIX
  INT27                 0000ffb6   00000002  00000000  00000002  RWIX
  INT28                 0000ffb8   00000002  00000000  00000002  RWIX
  INT29                 0000ffba   00000002  00000000  00000002  RWIX
  INT30                 0000ffbc   00000002  00000000  00000002  RWIX
  INT31                 0000ffbe   00000002  00000000  00000002  RWIX
  INT32                 0000ffc0   00000002  00000000  00000002  RWIX
  INT33                 0000ffc2   00000002  00000000  00000002  RWIX
  INT34                 0000ffc4   00000002  00000000  00000002  RWIX
  INT35                 0000ffc6   00000002  00000000  00000002  RWIX
  INT36                 0000ffc8   00000002  00000000  00000002  RWIX
  INT37                 0000ffca   00000002  00000000  00000002  RWIX
  INT38                 0000ffcc   00000002  00000000  00000002  RWIX
  INT39                 0000ffce   00000002  00000000  00000002  RWIX
  INT40                 0000ffd0   00000002  00000000  00000002  RWIX
  INT41                 0000ffd2   00000002  00000000  00000002  RWIX
  INT42                 0000ffd4   00000002  00000002  00000000  RWIX
  INT43                 0000ffd6   00000002  00000000  00000002  RWIX
  INT44                 0000ffd8   00000002  00000002  00000000  RWIX
  INT45                 0000ffda   00000002  00000000  00000002  RWIX
  INT46                 0000ffdc   00000002  00000000  00000002  RWIX
  INT47                 0000ffde   00000002  00000002  00000000  RWIX
  INT48                 0000ffe0   00000002  00000000  00000002  RWIX
  INT49                 0000ffe2   00000002  00000000  00000002  RWIX
  INT50                 0000ffe4   00000002  00000000  00000002  RWIX
  INT51                 0000ffe6   00000002  00000002  00000000  RWIX
  INT52                 0000ffe8   00000002  00000000  00000002  RWIX
  INT53                 0000ffea   00000002  00000000  00000002  RWIX
  INT54                 0000ffec   00000002  00000002  00000000  RWIX
  INT55                 0000ffee   00000002  00000000  00000002  RWIX
  INT56                 0000fff0   00000002  00000000  00000002  RWIX
  INT57                 0000fff2   00000002  00000002  00000000  RWIX
  INT58                 0000fff4   00000002  00000000  00000002  RWIX
  INT59                 0000fff6   00000002  00000000  00000002  RWIX
  INT60                 0000fff8   00000002  00000000  00000002  RWIX
  INT61                 0000fffa   00000002  00000002  00000000  RWIX
  INT62                 0000fffc   00000002  00000000  00000002  RWIX
  RESET                 0000fffe   00000002  00000002  00000000  RWIX
  FLASH2                00010000   00014400  00000000  00014400  RWIX


SECTION ALLOCATION MAP

 output                                  attributes/
section   page    origin      length       input sections
--------  ----  ----------  ----------   ----------------
.pinit     0    00004400    00000000     UNINITIALIZED

.bss       0    00002400    0000132a     UNINITIALIZED
                  00002400    000006c4     lab7.obj (.bss)
                  00002ac4    00000614     MSP-EXP430F5529_UE.lib : MassStorageCommon.obj (.bss)
                  000030d8    00000346                            : HAL_Dogs102x6.obj (.bss)
                  0000341e    000001d6                            : UsbMscScsi.obj (.bss)
                  000035f4    00000048                            : usb.obj (.bss)
                  0000363c    00000044                            : Random.obj (.bss)
                  00003680    0000002e                            : UsbCdc.obj (.bss)
                  000036ae    00000024                            : UsbHid.obj (.bss)
                  000036d2    0000001f     UsbMscUser.obj (.bss)
                  000036f1    00000008     MSP-EXP430F5529_UE.lib : HAL_Cma3000.obj (.bss)
                  000036f9    00000001                            : MassStorage.obj (.bss)
                  000036fa    00000008                            : dma.obj (.bss)
                  00003702    00000008     rts430xl.lib : _lock.obj (.bss)
                  0000370a    00000008                  : boot.obj (.bss)
                  00003712    00000005     mouse.obj (.bss)
                  00003717    00000001     MSP-EXP430F5529_UE.lib : UsbHidReq.obj (.bss)
                  00003718    00000004                            : HAL_Buttons.obj (.bss)
                  0000371c    00000004                            : HAL_Wheel.obj (.bss)
                  00003720    00000003                            : mmc.obj (.bss)
                  00003723    00000001     --HOLE--
                  00003724    00000002     LAB7main.obj (.bss)
                  00003726    00000002     MSP-EXP430F5529_UE.lib : UsbMscReq.obj (.bss)
                  00003728    00000002                            : UsbMscStateMachine.obj (.bss)

.stack     0    00004360    000000a0     UNINITIALIZED
                  00004360    00000004     rts430xl.lib : boot.obj (.stack)
                  00004364    0000009c     --HOLE--

.text:_isr 
*          0    00004400    000002a0     
                  00004400    00000178     UsbIsr.obj (.text:_isr:iUsbInterruptHandler)
                  00004578    0000003e     lab7.obj (.text:_isr:UNMI_ISR)
                  000045b6    0000003c     MSP-EXP430F5529_UE.lib : HAL_Buttons.obj (.text:_isr:Port1_ISR)
                  000045f2    0000003c                            : HAL_Buttons.obj (.text:_isr:Port2_ISR)
                  0000462e    0000002a     rts430xl.lib : boot.obj (.text:_isr:_c_int00_noexit)
                  00004658    0000001a     MSP-EXP430F5529_UE.lib : HAL_Buttons.obj (.text:_isr:WDT_ISR)
                  00004672    00000018     mouse.obj (.text:_isr:TIMER2_A0_ISR)
                  0000468a    00000016     MSP-EXP430F5529_UE.lib : HAL_Wheel.obj (.text:_isr:ADC12_ISR)

.cinit     0    000046a0    0000018e     
                  000046a0    00000052     MSP-EXP430F5529_UE.lib : UsbMscScsi.obj (.cinit)
                  000046f2    0000003f     lab7.obj (.cinit)
                  00004731    00000001     --HOLE-- [fill = 0]
                  00004732    00000036     MSP-EXP430F5529_UE.lib : HAL_Dogs102x6.obj (.cinit)
                  00004768    00000026     UsbMscUser.obj (.cinit)
                  0000478e    00000021     MSP-EXP430F5529_UE.lib : UsbCdc.obj (.cinit)
                  000047af    00000001     --HOLE-- [fill = 0]
                  000047b0    00000017                            : usb.obj (.cinit)
                  000047c7    00000001     --HOLE-- [fill = 0]
                  000047c8    00000011     mouse.obj (.cinit)
                  000047d9    00000001     --HOLE-- [fill = 0]
                  000047da    00000010     MSP-EXP430F5529_UE.lib : HAL_Buttons.obj (.cinit)
                  000047ea    0000000f                            : MassStorageCommon.obj (.cinit)
                  000047f9    00000001     --HOLE-- [fill = 0]
                  000047fa    0000000f                            : mmc.obj (.cinit)
                  00004809    00000001     --HOLE-- [fill = 0]
                  0000480a    0000000a                            : Random.obj (.cinit)
                  00004814    00000008                            : UsbMscReq.obj (.cinit)
                  0000481c    00000008                            : UsbMscStateMachine.obj (.cinit)
                  00004824    00000007                            : MassStorage.obj (.cinit)
                  0000482b    00000001     --HOLE-- [fill = 0]
                  0000482c    00000002     (.pad.cinit) [fill = 0]

.text      0    0000482e    00005954     
                  0000482e    00000532     lab7.obj (.text:UpdateMissile)
                  00004d60    000004b2     MSP-EXP430F5529_UE.lib : Random.obj (.text:RandomNumber)
                  00005212    00000458     lab7.obj (.text:LaunchpadDef)
                  0000566a    00000316     lab7.obj (.text:UpdateBackground)
                  00005980    000002c8     MSP-EXP430F5529_UE.lib : UsbMscScsi.obj (.text:USBMSC_bufferProcessed)
                  00005c48    000002b0     lab7.obj (.text:UpdateMines1)
                  00005ef8    000001e6     MSP-EXP430F5529_UE.lib : UsbMscScsi.obj (.text:Scsi_Cmd_Parser)
                  000060de    000001a2                            : UsbMscScsi.obj (.text:USBMSC_updateMediaInfo)
                  00006280    0000019e                            : UsbMscScsi.obj (.text:MSCFromHostToBuffer)
                  0000641e    00000176     lab7.obj (.text:DrawExplosions)
                  00006594    0000016e     MSP-EXP430F5529_UE.lib : UsbCdc.obj (.text:CdcToHostFromBuffer)
                  00006702    0000016c                            : UsbHid.obj (.text:HidToHostFromBuffer)
                  0000686e    00000162                            : UsbMscScsi.obj (.text:MSCToHostFromBuffer)
                  000069d0    0000015a                            : UsbHid.obj (.text:HidToBufferFromHost)
                  00006b2a    00000158                            : usb.obj (.text:USB_reset)
                  00006c82    00000144     LAB7main.obj (.text:main)
                  00006dc6    00000142     mouse.obj (.text:Mouse)
                  00006f08    0000013c     MSP-EXP430F5529_UE.lib : mmc.obj (.text:disk_initialize)
                  00007044    0000013a     lab7.obj (.text:DrawShip)
                  0000717e    0000012e     MSP-EXP430F5529_UE.lib : UsbCdc.obj (.text:CdcToBufferFromHost)
                  000072ac    00000124                            : UsbMscScsi.obj (.text:Scsi_Inquiry)
                  000073d0    000000fa                            : UsbMscStateMachine.obj (.text:USBMSC_poll)
                  000074ca    000000ea                            : mmc.obj (.text:disk_ioctl)
                  000075b4    000000e4                            : HAL_Board.obj (.text:Board_init)
                  00007698    000000e4                            : HAL_UCS.obj (.text:Init_FLL)
                  0000777c    000000da                            : usb.obj (.text:USB_InitSerialStringDescriptor)
                  00007856    000000d0                            : UsbMscScsi.obj (.text:Scsi_Request_Sense)
                  00007926    000000d0                            : UsbHid.obj (.text:USBHID_sendReport)
                  000079f6    000000ce                            : UsbMscScsi.obj (.text:Check_CBW)
                  00007ac4    000000ce                            : HAL_PMM.obj (.text:SetVCoreUp)
                  00007b92    000000c6                            : mmc.obj (.text:disk_write)
                  00007c58    000000c0                            : UsbMscScsi.obj (.text:Scsi_Write10)
                  00007d18    000000be                            : UsbMscScsi.obj (.text:Scsi_Read10)
                  00007dd6    000000b2                            : mmc.obj (.text:send_cmd)
                  00007e88    000000a2                            : HAL_Menu.obj (.text:Menu_active)
                  00007f2a    000000a0                            : mmc.obj (.text:disk_read)
                  00007fca    0000009a                            : HAL_Cma3000.obj (.text:Cma3000_init)
                  00008064    00000098                            : usb.obj (.text:usbDecodeAndProcessUsbRequest)
                  000080fc    00000096                            : usb.obj (.text:USB_connectionState)
                  00008192    0000008c                            : HAL_PMM.obj (.text:SetVCoreDown)
                  0000821e    0000008a                            : HAL_Dogs102x6.obj (.text:Dogs102x6_charDraw)
                  000082a8    00000088                            : usb.obj (.text:USB_enable)
                  00008330    00000086                            : mmc.obj (.text:validateCSD)
                  000083b6    00000084                            : UsbCdc.obj (.text:CopyUsbToBuff)
                  0000843a    00000084                            : UsbHid.obj (.text:HidCopyUsbToBuff)
                  000084be    00000080     lab7.obj (.text:DrawImage)
                  0000853e    0000007a     MSP-EXP430F5529_UE.lib : HAL_Dogs102x6.obj (.text:Dogs102x6_stringDraw)
                  000085b8    0000007a                            : UsbMscScsi.obj (.text:Scsi_Unknown_Request)
                  00008632    00000078                            : HAL_Dogs102x6.obj (.text:Dogs102x6_init)
                  000086aa    00000074                            : usb.obj (.text:usbSendNextPacketOnIEP0)
                  0000871e    00000070                            : MassStorageCommon.obj (.text:read_LUN0)
                  0000878e    00000070                            : usb.obj (.text:usbGetEndpointStatus)
                  000087fe    0000006e                            : HAL_Dogs102x6.obj (.text:Dogs102x6_writeData)
                  0000886c    0000006e                            : UsbMscScsi.obj (.text:MscCopyUsbToBuff)
                  000088da    0000006e                            : MassStorageCommon.obj (.text:write_LUN0)
                  00008948    00000068                            : usb.obj (.text:usbClearEndpointFeature)
                  000089b0    00000064                            : UsbMscScsi.obj (.text:Msc_ResetStruct)
                  00008a14    00000064                            : UsbMscScsi.obj (.text:Reset_RequestSenseResponse)
                  00008a78    00000062                            : HAL_TLV.obj (.text:Get_TLV_Info)
                  00008ada    00000060                            : UsbMscScsi.obj (.text:MscSendData)
                  00008b3a    0000005c                            : UsbMscScsi.obj (.text:Scsi_Verify_CBW)
                  00008b96    0000005c     rts430xl.lib : autoinit.obj (.text:_auto_init)
                  00008bf2    0000005a     MSP-EXP430F5529_UE.lib : MassStorageCommon.obj (.text:checkInsertionRemoval)
                  00008c4c    0000005a                            : MassStorageCommon.obj (.text:msc_Init)
                  00008ca6    00000058                            : HAL_Dogs102x6.obj (.text:Dogs102x6_setAddress)
                  00008cfe    00000058     rts430xl.lib : div32u.obj (.text)
                  00008d56    00000056     MSP-EXP430F5529_UE.lib : HAL_Dogs102x6.obj (.text:Dogs102x6_clearRow)
                  00008dac    00000056                            : usb.obj (.text:USB_init)
                  00008e02    00000054                            : HAL_Wheel.obj (.text:Wheel_getValue)
                  00008e56    00000054                            : mmc.obj (.text:xmit_datablock)
                  00008eaa    0000004e                            : HAL_Board.obj (.text:Board_ledOff)
                  00008ef8    0000004e                            : HAL_Board.obj (.text:Board_ledToggle)
                  00008f46    0000004e     UsbIsr.obj (.text:OEP0InterruptHandler)
                  00008f94    0000004e     MSP-EXP430F5529_UE.lib : mmc.obj (.text:rcvr_datablock)
                  00008fe2    0000004c                            : MassStorageCommon.obj (.text:msc_Loop)
                  0000902e    0000004a                            : HAL_Cma3000.obj (.text:Cma3000_readRegister)
                  00009078    0000004a                            : HAL_Cma3000.obj (.text:Cma3000_writeRegister)
                  000090c2    0000004a                            : HAL_SDCard.obj (.text:SDCard_init)
                  0000910c    00000048                            : HAL_Dogs102x6.obj (.text:Dogs102x6_clearImage)
                  00009154    00000048     UsbIsr.obj (.text:PWRVBUSoffHandler)
                  0000919c    00000048     UsbIsr.obj (.text:SetupPacketInterruptHandler)
                  000091e4    00000048     MSP-EXP430F5529_UE.lib : usb.obj (.text:usbReceiveNextPacketOnOEP0)
                  0000922c    00000044                            : usb.obj (.text:usbGetStringDescriptor)
                  00009270    00000044                            : usb.obj (.text:usbSetEndpointFeature)
                  000092b4    00000042                            : UsbMscReq.obj (.text:USBMSC_reset)
                  000092f6    00000040                            : HAL_Cma3000.obj (.text:Cma3000_readAccel)
                  00009336    00000040                            : HAL_Dogs102x6.obj (.text:Dogs102x6_imageDraw)
                  00009376    00000040     lab7.obj (.text:lab7)
                  000093b6    00000040     MSP-EXP430F5529_UE.lib : UsbCdc.obj (.text:usbGetLineCoding0)
                  000093f6    00000040                            : usb.obj (.text:usbSetInterface)
                  00009436    0000003e                            : HAL_Dogs102x6.obj (.text:Dogs102x6_setBacklight)
                  00009474    0000003e                            : HAL_PMM.obj (.text:SetVCore)
                  000094b2    0000003e                            : UsbMscScsi.obj (.text:USBMSC_getState)
                  000094f0    0000003e     rts430xl.lib : lsl32.obj (.text:l_lsl_const)
                  0000952e    0000003e                  : lsr32.obj (.text:l_lsr_const)
                  0000956c    0000003c     MSP-EXP430F5529_UE.lib : HAL_Dogs102x6.obj (.text:Dogs102x6_writeCommand)
                  000095a8    0000003c                            : UsbMscScsi.obj (.text:Scsi_Send_CSW)
                  000095e4    00000038                            : HAL_UCS.obj (.text:LFXT_Start)
                  0000961c    00000036                            : HAL_Dogs102x6.obj (.text:Dogs102x6_clearScreen)
                  00009652    00000036     UsbIsr.obj (.text:PWRVBUSonHandler)
                  00009688    00000036     MSP-EXP430F5529_UE.lib : UsbMscScsi.obj (.text:Scsi_Mode_Sense10)
                  000096be    00000036                            : UsbMscScsi.obj (.text:Scsi_Mode_Sense6)
                  000096f4    00000036                            : HAL_Wheel.obj (.text:Wheel_getPosition)
                  0000972a    00000032                            : UsbCdc.obj (.text:CdcIsReceiveInProgress)
                  0000975c    00000032                            : HAL_Dogs102x6.obj (.text:Dogs102x6_setContrast)
                  0000978e    00000032                            : UsbHid.obj (.text:HidIsReceiveInProgress)
                  000097c0    00000032                            : HAL_UCS.obj (.text:Init_FLL_Settle)
                  000097f2    00000032                            : HAL_SDCard.obj (.text:SDCard_readFrame)
                  00009824    00000032                            : usb.obj (.text:USB_connectionInfo)
                  00009856    00000032                            : usb.obj (.text:USB_suspend)
                  00009888    00000032                            : mmc.obj (.text:wait_ready)
                  000098ba    00000030                            : HAL_Dogs102x6.obj (.text:Dogs102x6_backlightInit)
                  000098ea    00000030                            : HAL_UCS.obj (.text:XT2_Start)
                  0000991a    00000030                            : mmc.obj (.text:detectCard)
                  0000994a    0000002e                            : UsbCdc.obj (.text:Handler_SetLineCoding0)
                  00009978    0000002e                            : UsbCdc.obj (.text:Handler_SetLineCoding1)
                  000099a6    0000002e                            : UsbCdc.obj (.text:Handler_SetLineCoding2)
                  000099d4    0000002e                            : UsbMscScsi.obj (.text:MscResetData)
                  00009a02    0000002e                            : UsbMscScsi.obj (.text:USBMSC_registerBufInfo)
                  00009a30    0000002e                            : UsbMscScsi.obj (.text:usbStallEndpoint)
                  00009a5e    0000002c                            : UsbMscScsi.obj (.text:Scsi_Read_Capacity10)
                  00009a8a    0000002c                            : dma.obj (.text:memcpyDMA0)
                  00009ab6    0000002c     rts430xl.lib : div16s.obj (.text)
                  00009ae2    0000002c     MSP-EXP430F5529_UE.lib : UsbHidReq.obj (.text:usbGetHidDescriptor)
                  00009b0e    0000002a                            : UsbCdc.obj (.text:CdcResetData)
                  00009b38    0000002a                            : UsbHid.obj (.text:HidResetData)
                  00009b62    0000002a     rts430xl.lib : memcpy.obj (.text:memcpy)
                  00009b8c    00000028     MSP-EXP430F5529_UE.lib : HAL_SDCard.obj (.text:SDCard_sendFrame)
                  00009bb4    00000028                            : UsbMscScsi.obj (.text:SET_RequestsenseMediaNotPresent)
                  00009bdc    00000028                            : UsbMscScsi.obj (.text:SET_RequestsenseNotReady)
                  00009c04    00000028                            : UsbMscScsi.obj (.text:Scsi_Report_Luns)
                  00009c2c    00000028                            : usb.obj (.text:USB_connect)
                  00009c54    00000028                            : dma.obj (.text:USB_initMemcpy)
                  00009c7c    00000028                            : usb.obj (.text:usbGetDeviceStatus)
                  00009ca4    00000026                            : HAL_Wheel.obj (.text:Wheel_init)
                  00009cca    00000024                            : HAL_Cma3000.obj (.text:Cma3000_disable)
                  00009cee    00000024                            : Random.obj (.text:RandomAddEntropy)
                  00009d12    00000022                            : usb.obj (.text:USB_disable)
                  00009d34    00000022     rts430xl.lib : mult32_f5hw.obj (.text)
                  00009d56    00000020     MSP-EXP430F5529_UE.lib : mmc.obj (.text:disk_status)
                  00009d76    00000020     rts430xl.lib : memset.obj (.text:memset)
                  00009d96    00000020     MSP-EXP430F5529_UE.lib : usb.obj (.text:usbSendDataPacketOnEP0)
                  00009db6    0000001e                            : usb.obj (.text:usbSetConfiguration)
                  00009dd4    0000001c     UsbIsr.obj (.text:IEP0InterruptHandler)
                  00009df0    0000001a     MSP-EXP430F5529_UE.lib : usb.obj (.text:usbGetInterface)
                  00009e0a    0000001a                            : usb.obj (.text:usbGetInterfaceStatus)
                  00009e24    0000001a                            : usb.obj (.text:usbSetAddress)
                  00009e3e    00000018                            : HAL_Cma3000.obj (.text:Cma3000_readAccel_offset)
                  00009e56    00000018                            : UsbMscReq.obj (.text:Get_MaxLUN)
                  00009e6e    00000018                            : usb.obj (.text:USB_resume)
                  00009e86    00000018                            : mmc.obj (.text:select)
                  00009e9e    00000016                            : HAL_Dogs102x6.obj (.text:Dogs102x6_clearInverseDisplay)
                  00009eb4    00000016                            : HAL_Dogs102x6.obj (.text:Dogs102x6_setInverseDisplay)
                  00009eca    00000016                            : UsbMscScsi.obj (.text:Scsi_Test_Unit_Ready)
                  00009ee0    00000016     lab7.obj (.text:lcg)
                  00009ef6    00000016     rts430xl.lib : div16u.obj (.text)
                  00009f0c    00000016                  : mult16_f5hw.obj (.text)
                  00009f22    00000016     MSP-EXP430F5529_UE.lib : UsbHidReq.obj (.text:usbGetReport)
                  00009f38    00000014     usb_eventHandling.obj (.text:USB_handleVbusOnEvent)
                  00009f4c    00000014     MSP-EXP430F5529_UE.lib : UsbMscScsi.obj (.text:usbClearOEPByteCount)
                  00009f60    00000014                            : UsbMscScsi.obj (.text:usbStallInEndpoint)
                  00009f74    00000014                            : UsbMscScsi.obj (.text:usbStallOutEndpoint)
                  00009f88    00000012                            : HAL_Buttons.obj (.text:Buttons_interruptEnable)
                  00009f9a    00000012                            : HAL_SDCard.obj (.text:SDCard_fastMode)
                  00009fac    00000012                            : mmc.obj (.text:deselect)
                  00009fbe    00000012     rts430xl.lib : rotl32.obj (.text)
                  00009fd0    00000012     MSP-EXP430F5529_UE.lib : usb.obj (.text:usbClearDeviceFeature)
                  00009fe2    00000012                            : usb.obj (.text:usbGetConfigurationDescriptor)
                  00009ff4    00000012                            : usb.obj (.text:usbGetDeviceDescriptor)
                  0000a006    00000012                            : usb.obj (.text:usbReceiveDataPacketOnEP0)
                  0000a018    00000012                            : usb.obj (.text:usbSetDeviceFeature)
                  0000a02a    00000010                            : HAL_Buttons.obj (.text:Buttons_startWDT)
                  0000a03a    00000010     rts430xl.lib : lsl32.obj (.text:l_lsl)
                  0000a04a    00000010     MSP-EXP430F5529_UE.lib : usb.obj (.text:usbGetConfiguration)
                  0000a05a    0000000e                            : HAL_Buttons.obj (.text:Buttons_init)
                  0000a068    0000000e                            : HAL_Cma3000.obj (.text:Cma3000_setAccel_offset)
                  0000a076    0000000e                            : UsbMscStateMachine.obj (.text:Msc_ResetStateMachine)
                  0000a084    0000000e                            : UsbHidReq.obj (.text:usbGetReportDescriptor)
                  0000a092    0000000e                            : usb.obj (.text:usbSendZeroLengthPacketOnIEP0)
                  0000a0a0    0000000c                            : UsbMscScsi.obj (.text:MscResetCtrlLun)
                  0000a0ac    0000000c                            : usb.obj (.text:usbInvalidRequest)
                  0000a0b8    0000000a     system_pre_init.obj (.text:_system_pre_init)
                  0000a0c2    0000000a     rts430xl.lib : asr16.obj (.text)
                  0000a0cc    0000000a                  : lsl16.obj (.text)
                  0000a0d6    0000000a                  : lsr16.obj (.text)
                  0000a0e0    0000000a     MSP-EXP430F5529_UE.lib : usb.obj (.text:usbStallEndpoint0)
                  0000a0ea    00000008                            : UsbHidReportHandler.obj (.text:Handler_InFeature)
                  0000a0f2    00000008                            : HAL_SDCard.obj (.text:SDCard_setCSHigh)
                  0000a0fa    00000008                            : HAL_SDCard.obj (.text:SDCard_setCSLow)
                  0000a102    00000008                            : usb.obj (.text:USB_setEnabledEvents)
                  0000a10a    00000008     lab7.obj (.text:simple_random_choice)
                  0000a112    00000008     MSP-EXP430F5529_UE.lib : UsbCdc.obj (.text:usbSetLineCoding0)
                  0000a11a    00000008                            : UsbHidReq.obj (.text:usbSetReport)
                  0000a122    00000006                            : UsbMscScsi.obj (.text:Msc_ResetFlags)
                  0000a128    00000006                            : UsbMscScsi.obj (.text:USBMSC_fetchInfoStruct)
                  0000a12e    00000006                            : usb.obj (.text:usbClearOEP0ByteCount)
                  0000a134    00000006                            : usb.obj (.text:usbStallOEP0)
                  0000a13a    00000004     usb_eventHandling.obj (.text:USBCDC_handleDataReceived)
                  0000a13e    00000004     usb_eventHandling.obj (.text:USBCDC_handleReceiveCompleted)
                  0000a142    00000004     usb_eventHandling.obj (.text:USBCDC_handleSendCompleted)
                  0000a146    00000004     usb_eventHandling.obj (.text:USBHID_handleDataReceived)
                  0000a14a    00000004     usb_eventHandling.obj (.text:USBHID_handleReceiveCompleted)
                  0000a14e    00000004     usb_eventHandling.obj (.text:USBHID_handleSendCompleted)
                  0000a152    00000004     usb_eventHandling.obj (.text:USBMSC_handleBufferEvent)
                  0000a156    00000004     usb_eventHandling.obj (.text:USB_handleClockEvent)
                  0000a15a    00000004     usb_eventHandling.obj (.text:USB_handleEnumCompleteEvent)
                  0000a15e    00000004     usb_eventHandling.obj (.text:USB_handleResetEvent)
                  0000a162    00000004     usb_eventHandling.obj (.text:USB_handleResumeEvent)
                  0000a166    00000004     usb_eventHandling.obj (.text:USB_handleSuspendEvent)
                  0000a16a    00000004     usb_eventHandling.obj (.text:USB_handleVbusOffEvent)
                  0000a16e    00000004     rts430xl.lib : exit.obj (.text:abort)
                  0000a172    00000004     MSP-EXP430F5529_UE.lib : mmc.obj (.text:rcvr_mmc)
                  0000a176    00000004                            : UsbCdc.obj (.text:usbSetControlLineState)
                  0000a17a    00000004                            : mmc.obj (.text:xmit_mmc)
                  0000a17e    00000002                            : UsbHidReportHandler.obj (.text:Handler_InReport)
                  0000a180    00000002     rts430xl.lib : _lock.obj (.text:_nop)

.const     0    0000a182    00000cc3     
                  0000a182    000002cc     lab7.obj (.const:image)
                  0000a44e    0000024c     MSP-EXP430F5529_UE.lib : HAL_Dogs102x6.obj (.const:FONT6x8)
                  0000a69a    00000212     LAB7main.obj (.const:tiBug)
                  0000a8ac    0000015e     descriptors.obj (.const:tUsbRequestList)
                  0000aa0a    000000f4     descriptors.obj (.const:abromStringDescriptor)
                  0000aafe    00000084     lab7.obj (.const:.string)
                  0000ab82    00000082     descriptors.obj (.const)
                  0000ac04    00000082     mouse.obj (.const:mouseImage)
                  0000ac86    00000048     LAB7main.obj (.const:.string)
                  0000acce    00000048     mouse.obj (.const:.string)
                  0000ad16    00000034     descriptors.obj (.const:abromReportDescriptor)
                  0000ad4a    00000030     descriptors.obj (.const:stUsbHandle)
                  0000ad7a    00000024     MSP-EXP430F5529_UE.lib : UsbMscScsi.obj (.const:bScsi_Standard_Inquiry_Data)
                  0000ad9e    00000018     lab7.obj (.const:Game_explosion)
                  0000adb6    00000012     MSP-EXP430F5529_UE.lib : MassStorage.obj (.const:.string)
                  0000adc8    00000012     descriptors.obj (.const:abromDeviceDescriptor)
                  0000adda    00000010     MSP-EXP430F5529_UE.lib : UsbMscScsi.obj (.const)
                  0000adea    00000010     mouse.obj (.const:usbMouseText)
                  0000adfa    0000000c     lab7.obj (.const:gameMenuText)
                  0000ae06    0000000a     lab7.obj (.const:Game_ship)
                  0000ae10    00000009     lab7.obj (.const:Game_explosion4)
                  0000ae19    00000001     --HOLE-- [fill = 0]
                  0000ae1a    00000008     lab7.obj (.const:Game_mine2)
                  0000ae22    00000007     lab7.obj (.const:Game_explosion3)
                  0000ae29    00000001     --HOLE-- [fill = 0]
                  0000ae2a    00000006     lab7.obj (.const:Game_mine1)
                  0000ae30    00000005     lab7.obj (.const:Game_explosion2)
                  0000ae35    00000001     --HOLE-- [fill = 0]
                  0000ae36    00000004     lab7.obj (.const:piece)
                  0000ae3a    00000003     lab7.obj (.const:Game_explosion1)
                  0000ae3d    00000001     --HOLE-- [fill = 0]
                  0000ae3e    00000002     MSP-EXP430F5529_UE.lib : MassStorageCommon.obj (.const)
                  0000ae40    00000002     lab7.obj (.const:dust)
                  0000ae42    00000001     MSP-EXP430F5529_UE.lib : HAL_Dogs102x6.obj (.const:$P$T2$3)
                  0000ae43    00000001     --HOLE-- [fill = 0]
                  0000ae44    00000001                            : HAL_Dogs102x6.obj (.const:$P$T3$4)

.int42     0    0000ffd4    00000002     
                  0000ffd4    00000002     MSP-EXP430F5529_UE.lib : HAL_Buttons.obj (.int42)

.int44     0    0000ffd8    00000002     
                  0000ffd8    00000002     mouse.obj (.int44)

.int47     0    0000ffde    00000002     
                  0000ffde    00000002     MSP-EXP430F5529_UE.lib : HAL_Buttons.obj (.int47)

.int51     0    0000ffe6    00000002     
                  0000ffe6    00000002     UsbIsr.obj (.int51)

.int54     0    0000ffec    00000002     
                  0000ffec    00000002     MSP-EXP430F5529_UE.lib : HAL_Wheel.obj (.int54)

.int57     0    0000fff2    00000002     
                  0000fff2    00000002     MSP-EXP430F5529_UE.lib : HAL_Buttons.obj (.int57)

.int61     0    0000fffa    00000002     
                  0000fffa    00000002     lab7.obj (.int61)

.reset     0    0000fffe    00000002     
                  0000fffe    00000002     rts430xl.lib : boot.obj (.reset)


GLOBAL SYMBOLS: SORTED ALPHABETICALLY BY Name 

address    name
--------   ----
00002400   .bss
ffffffff   .text
00000700   ADC12CTL0
00000701   ADC12CTL0_H
00000700   ADC12CTL0_L
00000702   ADC12CTL1
00000703   ADC12CTL1_H
00000702   ADC12CTL1_L
00000704   ADC12CTL2
00000705   ADC12CTL2_H
00000704   ADC12CTL2_L
0000070c   ADC12IE
0000070d   ADC12IE_H
0000070c   ADC12IE_L
0000070a   ADC12IFG
0000070b   ADC12IFG_H
0000070a   ADC12IFG_L
0000070e   ADC12IV
0000070f   ADC12IV_H
0000070e   ADC12IV_L
00000710   ADC12MCTL0
00000711   ADC12MCTL1
0000071a   ADC12MCTL10
0000071b   ADC12MCTL11
0000071c   ADC12MCTL12
0000071d   ADC12MCTL13
0000071e   ADC12MCTL14
0000071f   ADC12MCTL15
00000712   ADC12MCTL2
00000713   ADC12MCTL3
00000714   ADC12MCTL4
00000715   ADC12MCTL5
00000716   ADC12MCTL6
00000717   ADC12MCTL7
00000718   ADC12MCTL8
00000719   ADC12MCTL9
00000720   ADC12MEM0
00000721   ADC12MEM0_H
00000720   ADC12MEM0_L
00000722   ADC12MEM1
00000734   ADC12MEM10
00000735   ADC12MEM10_H
00000734   ADC12MEM10_L
00000736   ADC12MEM11
00000737   ADC12MEM11_H
00000736   ADC12MEM11_L
00000738   ADC12MEM12
00000739   ADC12MEM12_H
00000738   ADC12MEM12_L
0000073a   ADC12MEM13
0000073b   ADC12MEM13_H
0000073a   ADC12MEM13_L
0000073c   ADC12MEM14
0000073d   ADC12MEM14_H
0000073c   ADC12MEM14_L
0000073e   ADC12MEM15
0000073f   ADC12MEM15_H
0000073e   ADC12MEM15_L
00000723   ADC12MEM1_H
00000722   ADC12MEM1_L
00000724   ADC12MEM2
00000725   ADC12MEM2_H
00000724   ADC12MEM2_L
00000726   ADC12MEM3
00000727   ADC12MEM3_H
00000726   ADC12MEM3_L
00000728   ADC12MEM4
00000729   ADC12MEM4_H
00000728   ADC12MEM4_L
0000072a   ADC12MEM5
0000072b   ADC12MEM5_H
0000072a   ADC12MEM5_L
0000072c   ADC12MEM6
0000072d   ADC12MEM6_H
0000072c   ADC12MEM6_L
0000072e   ADC12MEM7
0000072f   ADC12MEM7_H
0000072e   ADC12MEM7_L
00000730   ADC12MEM8
00000731   ADC12MEM8_H
00000730   ADC12MEM8_L
00000732   ADC12MEM9
00000733   ADC12MEM9_H
00000732   ADC12MEM9_L
0000468a   ADC12_ISR
0000ae3e   BYTES_PER_BLOCK
000075b4   Board_init
00008eaa   Board_ledOff
00008ef8   Board_ledToggle
0000a05a   Buttons_init
00009f88   Buttons_interruptEnable
0000a02a   Buttons_startWDT
0000a16e   C$$EXIT
000008c0   CBCTL0
000008c1   CBCTL0_H
000008c0   CBCTL0_L
000008c2   CBCTL1
000008c3   CBCTL1_H
000008c2   CBCTL1_L
000008c4   CBCTL2
000008c5   CBCTL2_H
000008c4   CBCTL2_L
000008c6   CBCTL3
000008c7   CBCTL3_H
000008c6   CBCTL3_L
000008cc   CBINT
000008cd   CBINT_H
000008cc   CBINT_L
000008ce   CBIV
00000150   CRCDI
00000152   CRCDIRB
00000153   CRCDIRB_H
00000152   CRCDIRB_L
00000151   CRCDI_H
00000150   CRCDI_L
00000154   CRCINIRES
00000155   CRCINIRES_H
00000154   CRCINIRES_L
00000156   CRCRESR
00000157   CRCRESR_H
00000156   CRCRESR_L
0000972a   CdcIsReceiveInProgress
00009b0e   CdcResetData
0000717e   CdcToBufferFromHost
00006594   CdcToHostFromBuffer
000079f6   Check_CBW
00009cca   Cma3000_disable
00007fca   Cma3000_init
000092f6   Cma3000_readAccel
00009e3e   Cma3000_readAccel_offset
0000902e   Cma3000_readRegister
0000a068   Cma3000_setAccel_offset
00009078   Cma3000_writeRegister
000036f3   Cma3000_xAccel
000036f6   Cma3000_xAccel_offset
000036f4   Cma3000_yAccel
000036f7   Cma3000_yAccel_offset
000036f5   Cma3000_zAccel
000036f8   Cma3000_zAccel_offset
000083b6   CopyUsbToBuff
00000510   DMA0CTL
00000511   DMA0CTL_H
00000510   DMA0CTL_L
00000516   DMA0DA
00000516   DMA0DAL
00000512   DMA0SA
00000512   DMA0SAL
0000051a   DMA0SZ
00000520   DMA1CTL
00000521   DMA1CTL_H
00000520   DMA1CTL_L
00000526   DMA1DA
00000526   DMA1DAL
00000522   DMA1SA
00000522   DMA1SAL
0000052a   DMA1SZ
00000530   DMA2CTL
00000531   DMA2CTL_H
00000530   DMA2CTL_L
00000536   DMA2DA
00000536   DMA2DAL
00000532   DMA2SA
00000532   DMA2SAL
0000053a   DMA2SZ
00000500   DMACTL0
00000501   DMACTL0_H
00000500   DMACTL0_L
00000502   DMACTL1
00000503   DMACTL1_H
00000502   DMACTL1_L
00000504   DMACTL2
00000505   DMACTL2_H
00000504   DMACTL2_L
00000506   DMACTL3
00000507   DMACTL3_H
00000506   DMACTL3_L
00000508   DMACTL4
00000509   DMACTL4_H
00000508   DMACTL4_L
0000050e   DMAIV
0000050f   DMAIV_H
0000050e   DMAIV_L
00002ec4   DataCnt
000098ba   Dogs102x6_backlightInit
0000821e   Dogs102x6_charDraw
0000910c   Dogs102x6_clearImage
00009e9e   Dogs102x6_clearInverseDisplay
00008d56   Dogs102x6_clearRow
0000961c   Dogs102x6_clearScreen
00009336   Dogs102x6_imageDraw
00008632   Dogs102x6_init
0000340e   Dogs102x6_initMacro
00008ca6   Dogs102x6_setAddress
00009436   Dogs102x6_setBacklight
0000975c   Dogs102x6_setContrast
00009eb4   Dogs102x6_setInverseDisplay
0000853e   Dogs102x6_stringDraw
0000956c   Dogs102x6_writeCommand
000087fe   Dogs102x6_writeData
0000641e   DrawExplosions
000084be   DrawImage
00007044   DrawShip
00000140   FCTL1
00000141   FCTL1_H
00000140   FCTL1_L
00000144   FCTL3
00000145   FCTL3_H
00000144   FCTL3_L
00000146   FCTL4
00000147   FCTL4_H
00000146   FCTL4_L
0000ad9e   Game_explosion
0000ae3a   Game_explosion1
0000ae30   Game_explosion2
0000ae22   Game_explosion3
0000ae10   Game_explosion4
0000ae2a   Game_mine1
0000ae1a   Game_mine2
0000ae06   Game_ship
00009e56   Get_MaxLUN
00008a78   Get_TLV_Info
0000a0ea   Handler_InFeature
0000a17e   Handler_InReport
0000994a   Handler_SetLineCoding0
00009978   Handler_SetLineCoding1
000099a6   Handler_SetLineCoding2
0000843a   HidCopyUsbToBuff
0000978e   HidIsReceiveInProgress
00009b38   HidResetData
000069d0   HidToBufferFromHost
00006702   HidToHostFromBuffer
00009dd4   IEP0InterruptHandler
00003720   INS
0000a0c2   I_ASR
0000a0cc   I_LSL
0000a0d6   I_LSR
00007698   Init_FLL
000097c0   Init_FLL_Settle
000095e4   LFXT_Start
0000a03a   L_LSL
00009528   L_LSL_1
00009504   L_LSL_10
00009500   L_LSL_11
000094fc   L_LSL_12
000094f8   L_LSL_13
000094f4   L_LSL_14
000094f0   L_LSL_15
00009524   L_LSL_2
00009520   L_LSL_3
0000951c   L_LSL_4
00009518   L_LSL_5
00009514   L_LSL_6
00009510   L_LSL_7
0000950c   L_LSL_8
00009508   L_LSL_9
00009566   L_LSR_1
00009542   L_LSR_10
0000953e   L_LSR_11
0000953a   L_LSR_12
00009536   L_LSR_13
00009532   L_LSR_14
0000952e   L_LSR_15
00009562   L_LSR_2
0000955e   L_LSR_3
0000955a   L_LSR_4
00009556   L_LSR_5
00009552   L_LSR_6
0000954e   L_LSR_7
0000954a   L_LSR_8
00009546   L_LSR_9
00009fbe   L_ROTL
00005212   LaunchpadDef
000004c4   MAC
000004da   MAC32H
000004db   MAC32H_H
000004da   MAC32H_L
000004d8   MAC32L
000004d9   MAC32L_H
000004d8   MAC32L_L
000004c6   MACS
000004de   MACS32H
000004df   MACS32H_H
000004de   MACS32H_L
000004dc   MACS32L
000004dd   MACS32L_H
000004dc   MACS32L_L
000004c7   MACS_H
000004c6   MACS_L
000004c5   MAC_H
000004c4   MAC_L
000004c0   MPY
000004ec   MPY32CTL0
000004ed   MPY32CTL0_H
000004ec   MPY32CTL0_L
000004d2   MPY32H
000004d3   MPY32H_H
000004d2   MPY32H_L
000004d0   MPY32L
000004d1   MPY32L_H
000004d0   MPY32L_L
000004c2   MPYS
000004d6   MPYS32H
000004d7   MPYS32H_H
000004d6   MPYS32H_L
000004d4   MPYS32L
000004d5   MPYS32L_H
000004d4   MPYS32L_L
000004c3   MPYS_H
000004c2   MPYS_L
000004c1   MPY_H
000004c0   MPY_L
00006280   MSCFromHostToBuffer
0000686e   MSCToHostFromBuffer
0000343e   McsCbw
0000345e   McsCsw
00007e88   Menu_active
00006dc6   Mouse
000034c8   MscControl
0000886c   MscCopyUsbToBuff
000034ac   MscReadControl
0000a0a0   MscResetCtrlLun
000099d4   MscResetData
00008ada   MscSendData
0000348c   MscWriteControl
0000a122   Msc_ResetFlags
0000a076   Msc_ResetStateMachine
000089b0   Msc_ResetStruct
00008f46   OEP0InterruptHandler
000004c8   OP2
000004e2   OP2H
000004e3   OP2H_H
000004e2   OP2H_L
000004e0   OP2L
000004e1   OP2L_H
000004e0   OP2L_L
000004c9   OP2_H
000004c8   OP2_L
0000020e   P1IV
0000021e   P2IV
000001e0   P4MAP01
000001e1   P4MAP01_H
000001e0   P4MAP01_L
000001e2   P4MAP23
000001e3   P4MAP23_H
000001e2   P4MAP23_L
000001e4   P4MAP45
000001e5   P4MAP45_H
000001e4   P4MAP45_L
000001e6   P4MAP67
000001e7   P4MAP67_H
000001e6   P4MAP67_L
00000204   PADIR
00000205   PADIR_H
00000204   PADIR_L
00000208   PADS
00000209   PADS_H
00000208   PADS_L
0000021a   PAIE
00000218   PAIES
00000219   PAIES_H
00000218   PAIES_L
0000021b   PAIE_H
0000021a   PAIE_L
0000021c   PAIFG
0000021d   PAIFG_H
0000021c   PAIFG_L
00000200   PAIN
00000201   PAIN_H
00000200   PAIN_L
00000202   PAOUT
00000203   PAOUT_H
00000202   PAOUT_L
00000206   PAREN
00000207   PAREN_H
00000206   PAREN_L
0000020a   PASEL
0000020b   PASEL_H
0000020a   PASEL_L
00000224   PBDIR
00000225   PBDIR_H
00000224   PBDIR_L
00000228   PBDS
00000229   PBDS_H
00000228   PBDS_L
00000220   PBIN
00000221   PBIN_H
00000220   PBIN_L
00000222   PBOUT
00000223   PBOUT_H
00000222   PBOUT_L
00000226   PBREN
00000227   PBREN_H
00000226   PBREN_L
0000022a   PBSEL
0000022b   PBSEL_H
0000022a   PBSEL_L
00000244   PCDIR
00000245   PCDIR_H
00000244   PCDIR_L
00000248   PCDS
00000249   PCDS_H
00000248   PCDS_L
00000240   PCIN
00000241   PCIN_H
00000240   PCIN_L
00000242   PCOUT
00000243   PCOUT_H
00000242   PCOUT_L
00000246   PCREN
00000247   PCREN_H
00000246   PCREN_L
0000024a   PCSEL
0000024b   PCSEL_H
0000024a   PCSEL_L
00000264   PDDIR
00000265   PDDIR_H
00000264   PDDIR_L
00000268   PDDS
00000269   PDDS_H
00000268   PDDS_L
00000260   PDIN
00000261   PDIN_H
00000260   PDIN_L
00000262   PDOUT
00000263   PDOUT_H
00000262   PDOUT_L
00000266   PDREN
00000267   PDREN_H
00000266   PDREN_L
0000026a   PDSEL
0000026b   PDSEL_H
0000026a   PDSEL_L
00000324   PJDIR
00000325   PJDIR_H
00000324   PJDIR_L
00000328   PJDS
00000329   PJDS_H
00000328   PJDS_L
00000320   PJIN
00000321   PJIN_H
00000320   PJIN_L
00000322   PJOUT
00000323   PJOUT_H
00000322   PJOUT_L
00000326   PJREN
00000327   PJREN_H
00000326   PJREN_L
00000130   PM5CTL0
00000131   PM5CTL0_H
00000130   PM5CTL0_L
000001c2   PMAPCTL
000001c3   PMAPCTL_H
000001c2   PMAPCTL_L
000001c0   PMAPKEYID
000001c1   PMAPKEYID_H
000001c0   PMAPKEYID_L
00000120   PMMCTL0
00000121   PMMCTL0_H
00000120   PMMCTL0_L
00000122   PMMCTL1
00000123   PMMCTL1_H
00000122   PMMCTL1_L
0000012c   PMMIFG
0000012d   PMMIFG_H
0000012c   PMMIFG_L
0000012e   PMMRIE
0000012f   PMMRIE_H
0000012e   PMMRIE_L
00009154   PWRVBUSoffHandler
00009652   PWRVBUSonHandler
000045b6   Port1_ISR
000045f2   Port2_ISR
00000158   RCCTL0
00000159   RCCTL0_H
00000158   RCCTL0_L
000001b0   REFCTL0
000001b1   REFCTL0_H
000001b0   REFCTL0_L
000004e4   RES0
000004e5   RES0_H
000004e4   RES0_L
000004e6   RES1
000004e7   RES1_H
000004e6   RES1_L
000004e8   RES2
000004e9   RES2_H
000004e8   RES2_L
000004ea   RES3
000004eb   RES3_H
000004ea   RES3_L
000004cc   RESHI
000004cd   RESHI_H
000004cc   RESHI_L
000004ca   RESLO
000004cb   RESLO_H
000004ca   RESLO_L
000004ba   RTCADOWDAY
000004bb   RTCADOWDAY_H
000004ba   RTCADOWDAY_L
000004b8   RTCAMINHR
000004b9   RTCAMINHR_H
000004b8   RTCAMINHR_L
000004a0   RTCCTL01
000004a1   RTCCTL01_H
000004a0   RTCCTL01_L
000004a2   RTCCTL23
000004a3   RTCCTL23_H
000004a2   RTCCTL23_L
000004b4   RTCDATE
000004b5   RTCDATE_H
000004b4   RTCDATE_L
000004ae   RTCIV
000004ac   RTCPS
000004a8   RTCPS0CTL
000004a9   RTCPS0CTL_H
000004a8   RTCPS0CTL_L
000004aa   RTCPS1CTL
000004ab   RTCPS1CTL_H
000004aa   RTCPS1CTL_L
000004ad   RTCPS_H
000004ac   RTCPS_L
000004b0   RTCTIM0
000004b1   RTCTIM0_H
000004b0   RTCTIM0_L
000004b2   RTCTIM1
000004b3   RTCTIM1_H
000004b2   RTCTIM1_L
000004b6   RTCYEAR
000004b7   RTCYEAR_H
000004b6   RTCYEAR_L
00002ac4   RW_dataBuf
00002ecc   RWbuf
00002ec8   RWbuf_info
00009cee   RandomAddEntropy
00004d60   RandomNumber
0000adda   Report_Luns
0000346c   RequestSenseResponse
00008a14   Reset_RequestSenseResponse
000036f2   RevID
00009f9a   SDCard_fastMode
000090c2   SDCard_init
000097f2   SDCard_readFrame
00009b8c   SDCard_sendFrame
0000a0f2   SDCard_setCSHigh
0000a0fa   SDCard_setCSLow
00009bb4   SET_RequestsenseMediaNotPresent
00009bdc   SET_RequestsenseNotReady
00000100   SFRIE1
00000101   SFRIE1_H
00000100   SFRIE1_L
00000102   SFRIFG1
00000103   SFRIFG1_H
00000102   SFRIFG1_L
00000104   SFRRPCR
00000105   SFRRPCR_H
00000104   SFRRPCR_L
000004ce   SUMEXT
000004cf   SUMEXT_H
000004ce   SUMEXT_L
00000124   SVSMHCTL
00000125   SVSMHCTL_H
00000124   SVSMHCTL_L
00000128   SVSMIO
00000129   SVSMIO_H
00000128   SVSMIO_L
00000126   SVSMLCTL
00000127   SVSMLCTL_H
00000126   SVSMLCTL_L
00000198   SYSBERRIV
00000199   SYSBERRIV_H
00000198   SYSBERRIV_L
00000182   SYSBSLC
00000183   SYSBSLC_H
00000182   SYSBSLC_L
00000180   SYSCTL
00000181   SYSCTL_H
00000180   SYSCTL_L
00000186   SYSJMBC
00000187   SYSJMBC_H
00000186   SYSJMBC_L
00000188   SYSJMBI0
00000189   SYSJMBI0_H
00000188   SYSJMBI0_L
0000018a   SYSJMBI1
0000018b   SYSJMBI1_H
0000018a   SYSJMBI1_L
0000018c   SYSJMBO0
0000018d   SYSJMBO0_H
0000018c   SYSJMBO0_L
0000018e   SYSJMBO1
0000018f   SYSJMBO1_H
0000018e   SYSJMBO1_L
0000019e   SYSRSTIV
0000019f   SYSRSTIV_H
0000019e   SYSRSTIV_L
0000019c   SYSSNIV
0000019d   SYSSNIV_H
0000019c   SYSSNIV_L
0000019a   SYSUNIV
0000019b   SYSUNIV_H
0000019a   SYSUNIV_L
00005ef8   Scsi_Cmd_Parser
000072ac   Scsi_Inquiry
00009688   Scsi_Mode_Sense10
000096be   Scsi_Mode_Sense6
000035e0   Scsi_Mode_Sense_10
000035dc   Scsi_Mode_Sense_6
00007d18   Scsi_Read10
00009a5e   Scsi_Read_Capacity10
000035d4   Scsi_Read_Capacity_10
000035e8   Scsi_Read_Format_Capacity
00009c04   Scsi_Report_Luns
00007856   Scsi_Request_Sense
0000343a   Scsi_Residue
000095a8   Scsi_Send_CSW
000034d2   Scsi_Standard_Inquiry_Data
00009eca   Scsi_Test_Unit_Ready
000085b8   Scsi_Unknown_Request
00008b3a   Scsi_Verify_CBW
00007c58   Scsi_Write10
00009474   SetVCore
0000919c   SetupPacketInterruptHandler
00000352   TA0CCR0
00000354   TA0CCR1
00000356   TA0CCR2
00000358   TA0CCR3
0000035a   TA0CCR4
00000342   TA0CCTL0
00000344   TA0CCTL1
00000346   TA0CCTL2
00000348   TA0CCTL3
0000034a   TA0CCTL4
00000340   TA0CTL
00000360   TA0EX0
0000036e   TA0IV
00000350   TA0R
00000392   TA1CCR0
00000394   TA1CCR1
00000396   TA1CCR2
00000382   TA1CCTL0
00000384   TA1CCTL1
00000386   TA1CCTL2
00000380   TA1CTL
000003a0   TA1EX0
000003ae   TA1IV
00000390   TA1R
00000412   TA2CCR0
00000414   TA2CCR1
00000416   TA2CCR2
00000402   TA2CCTL0
00000404   TA2CCTL1
00000406   TA2CCTL2
00000400   TA2CTL
00000420   TA2EX0
0000042e   TA2IV
00000410   TA2R
000003d2   TB0CCR0
000003d4   TB0CCR1
000003d6   TB0CCR2
000003d8   TB0CCR3
000003da   TB0CCR4
000003dc   TB0CCR5
000003de   TB0CCR6
000003c2   TB0CCTL0
000003c4   TB0CCTL1
000003c6   TB0CCTL2
000003c8   TB0CCTL3
000003ca   TB0CCTL4
000003cc   TB0CCTL5
000003ce   TB0CCTL6
000003c0   TB0CTL
000003e0   TB0EX0
000003ee   TB0IV
000003d0   TB0R
00004672   TIMER2_A0_ISR
000005d0   UCA0ABCTL
000005c6   UCA0BRW
000005c7   UCA0BRW_H
000005c6   UCA0BRW_L
000005c0   UCA0CTLW0
000005c1   UCA0CTLW0_H
000005c0   UCA0CTLW0_L
000005dc   UCA0ICTL
000005dd   UCA0ICTL_H
000005dc   UCA0ICTL_L
000005d2   UCA0IRCTL
000005d3   UCA0IRCTL_H
000005d2   UCA0IRCTL_L
000005de   UCA0IV
000005c8   UCA0MCTL
000005cc   UCA0RXBUF
000005ca   UCA0STAT
000005ce   UCA0TXBUF
00000610   UCA1ABCTL
00000606   UCA1BRW
00000607   UCA1BRW_H
00000606   UCA1BRW_L
00000600   UCA1CTLW0
00000601   UCA1CTLW0_H
00000600   UCA1CTLW0_L
0000061c   UCA1ICTL
0000061d   UCA1ICTL_H
0000061c   UCA1ICTL_L
00000612   UCA1IRCTL
00000613   UCA1IRCTL_H
00000612   UCA1IRCTL_L
0000061e   UCA1IV
00000608   UCA1MCTL
0000060c   UCA1RXBUF
0000060a   UCA1STAT
0000060e   UCA1TXBUF
000005e6   UCB0BRW
000005e7   UCB0BRW_H
000005e6   UCB0BRW_L
000005e0   UCB0CTLW0
000005e1   UCB0CTLW0_H
000005e0   UCB0CTLW0_L
000005f0   UCB0I2COA
000005f1   UCB0I2COA_H
000005f0   UCB0I2COA_L
000005f2   UCB0I2CSA
000005f3   UCB0I2CSA_H
000005f2   UCB0I2CSA_L
000005fc   UCB0ICTL
000005fd   UCB0ICTL_H
000005fc   UCB0ICTL_L
000005fe   UCB0IV
000005ec   UCB0RXBUF
000005ea   UCB0STAT
000005ee   UCB0TXBUF
00000626   UCB1BRW
00000627   UCB1BRW_H
00000626   UCB1BRW_L
00000620   UCB1CTLW0
00000621   UCB1CTLW0_H
00000620   UCB1CTLW0_L
00000630   UCB1I2COA
00000631   UCB1I2COA_H
00000630   UCB1I2COA_L
00000632   UCB1I2CSA
00000633   UCB1I2CSA_H
00000632   UCB1I2CSA_L
0000063c   UCB1ICTL
0000063d   UCB1ICTL_H
0000063c   UCB1ICTL_L
0000063e   UCB1IV
0000062c   UCB1RXBUF
0000062a   UCB1STAT
0000062e   UCB1TXBUF
00000160   UCSCTL0
00000161   UCSCTL0_H
00000160   UCSCTL0_L
00000162   UCSCTL1
00000163   UCSCTL1_H
00000162   UCSCTL1_L
00000164   UCSCTL2
00000165   UCSCTL2_H
00000164   UCSCTL2_L
00000166   UCSCTL3
00000167   UCSCTL3_H
00000166   UCSCTL3_L
00000168   UCSCTL4
00000169   UCSCTL4_H
00000168   UCSCTL4_L
0000016a   UCSCTL5
0000016b   UCSCTL5_H
0000016a   UCSCTL5_L
0000016c   UCSCTL6
0000016d   UCSCTL6_H
0000016c   UCSCTL6_L
0000016e   UCSCTL7
0000016f   UCSCTL7_H
0000016e   UCSCTL7_L
00000170   UCSCTL8
00000171   UCSCTL8_H
00000170   UCSCTL8_L
00004578   UNMI_ISR
0000a13a   USBCDC_handleDataReceived
0000a13e   USBCDC_handleReceiveCompleted
0000a142   USBCDC_handleSendCompleted
00000902   USBCNF
00000903   USBCNF_H
00000902   USBCNF_L
0000093c   USBCTL
0000093a   USBFN
0000093b   USBFN_H
0000093a   USBFN_L
0000093f   USBFUNADR
0000a146   USBHID_handleDataReceived
0000a14a   USBHID_handleReceiveCompleted
0000a14e   USBHID_handleSendCompleted
00007926   USBHID_sendReport
0000093d   USBIE
00002378   USBIEP0BUF
000023c9   USBIEPBBAX_1
000023d1   USBIEPBBAX_2
000023d9   USBIEPBBAX_3
000023e1   USBIEPBBAX_4
000023e9   USBIEPBBAX_5
000023f1   USBIEPBBAX_6
000023f9   USBIEPBBAX_7
000023cd   USBIEPBBAY_1
000023d5   USBIEPBBAY_2
000023dd   USBIEPBBAY_3
000023e5   USBIEPBBAY_4
000023ed   USBIEPBBAY_5
000023f5   USBIEPBBAY_6
000023fd   USBIEPBBAY_7
000023ca   USBIEPBCTX_1
000023d2   USBIEPBCTX_2
000023da   USBIEPBCTX_3
000023e2   USBIEPBCTX_4
000023ea   USBIEPBCTX_5
000023f2   USBIEPBCTX_6
000023fa   USBIEPBCTX_7
000023ce   USBIEPBCTY_1
000023d6   USBIEPBCTY_2
000023de   USBIEPBCTY_3
000023e6   USBIEPBCTY_4
000023ee   USBIEPBCTY_5
000023f6   USBIEPBCTY_6
000023fe   USBIEPBCTY_7
00000920   USBIEPCNF_0
000023c8   USBIEPCNF_1
000023d0   USBIEPCNF_2
000023d8   USBIEPCNF_3
000023e0   USBIEPCNF_4
000023e8   USBIEPCNF_5
000023f0   USBIEPCNF_6
000023f8   USBIEPCNF_7
00000921   USBIEPCNT_0
0000092e   USBIEPIE
00000930   USBIEPIFG
000023cf   USBIEPSIZXY_1
000023d7   USBIEPSIZXY_2
000023df   USBIEPSIZXY_3
000023e7   USBIEPSIZXY_4
000023ef   USBIEPSIZXY_5
000023f7   USBIEPSIZXY_6
000023ff   USBIEPSIZXY_7
0000093e   USBIFG
00000900   USBKEYID
00000901   USBKEYID_H
00000900   USBKEYID_L
00000936   USBMAINT
00000937   USBMAINT_H
00000936   USBMAINT_L
00005980   USBMSC_bufferProcessed
000036d2   USBMSC_config
0000a128   USBMSC_fetchInfoStruct
000094b2   USBMSC_getState
0000a152   USBMSC_handleBufferEvent
000073d0   USBMSC_poll
00009a02   USBMSC_registerBufInfo
000092b4   USBMSC_reset
000060de   USBMSC_updateMediaInfo
00002370   USBOEP0BUF
00002389   USBOEPBBAX_1
00002391   USBOEPBBAX_2
00002399   USBOEPBBAX_3
000023a1   USBOEPBBAX_4
000023a9   USBOEPBBAX_5
000023b1   USBOEPBBAX_6
000023b9   USBOEPBBAX_7
0000238d   USBOEPBBAY_1
00002395   USBOEPBBAY_2
0000239d   USBOEPBBAY_3
000023a5   USBOEPBBAY_4
000023ad   USBOEPBBAY_5
000023b5   USBOEPBBAY_6
000023bd   USBOEPBBAY_7
0000238a   USBOEPBCTX_1
00002392   USBOEPBCTX_2
0000239a   USBOEPBCTX_3
000023a2   USBOEPBCTX_4
000023aa   USBOEPBCTX_5
000023b2   USBOEPBCTX_6
000023ba   USBOEPBCTX_7
0000238e   USBOEPBCTY_1
00002396   USBOEPBCTY_2
0000239e   USBOEPBCTY_3
000023a6   USBOEPBCTY_4
000023ae   USBOEPBCTY_5
000023b6   USBOEPBCTY_6
000023be   USBOEPBCTY_7
00000922   USBOEPCNF_0
00002388   USBOEPCNF_1
00002390   USBOEPCNF_2
00002398   USBOEPCNF_3
000023a0   USBOEPCNF_4
000023a8   USBOEPCNF_5
000023b0   USBOEPCNF_6
000023b8   USBOEPCNF_7
00000923   USBOEPCNT_0
0000092f   USBOEPIE
00000931   USBOEPIFG
0000238f   USBOEPSIZXY_1
00002397   USBOEPSIZXY_2
0000239f   USBOEPSIZXY_3
000023a7   USBOEPSIZXY_4
000023af   USBOEPSIZXY_5
000023b7   USBOEPSIZXY_6
000023bf   USBOEPSIZXY_7
00000904   USBPHYCTL
00000905   USBPHYCTL_H
00000904   USBPHYCTL_L
00000910   USBPLLCTL
00000911   USBPLLCTL_H
00000910   USBPLLCTL_L
00000912   USBPLLDIVB
00000913   USBPLLDIVB_H
00000912   USBPLLDIVB_L
00000914   USBPLLIR
00000915   USBPLLIR_H
00000914   USBPLLIR_L
00000908   USBPWRCTL
00000909   USBPWRCTL_H
00000908   USBPWRCTL_L
00001c00   USBSTABUFF
00002380   USBSUBLK
0000236f   USBTOPBUFF
00000938   USBTSREG
00000939   USBTSREG_H
00000938   USBTSREG_L
00000932   USBVECINT
00000933   USBVECINT_H
00000932   USBVECINT_L
0000777c   USB_InitSerialStringDescriptor
000036fe   USB_RX_memcpy
000036fa   USB_TX_memcpy
00009c2c   USB_connect
00009824   USB_connectionInfo
000080fc   USB_connectionState
00009d12   USB_disable
000082a8   USB_enable
0000a156   USB_handleClockEvent
0000a15a   USB_handleEnumCompleteEvent
0000a15e   USB_handleResetEvent
0000a162   USB_handleResumeEvent
0000a166   USB_handleSuspendEvent
0000a16a   USB_handleVbusOffEvent
00009f38   USB_handleVbusOnEvent
00008dac   USB_init
00009c54   USB_initMemcpy
00006b2a   USB_reset
00009e6e   USB_resume
0000a102   USB_setEnabledEvents
00009856   USB_suspend
0000566a   UpdateBackground
00005c48   UpdateMines1
0000482e   UpdateMissile
0000015c   WDTCTL
0000015d   WDTCTL_H
0000015c   WDTCTL_L
00004658   WDT_ISR
000096f4   Wheel_getPosition
00008e02   Wheel_getValue
00009ca4   Wheel_init
000098ea   XT2_Start
00004400   __STACK_END
000000a0   __STACK_SIZE
00000001   __TI_args_main
00000001   __TI_auto_init
00000001   __TI_exit
ffffffff   __binit__
00002400   __bss__
ffffffff   __c_args__
000046a0   __cinit__
00009ab6   __divi
00009ef6   __divu
00008cfe   __divul
0000372a   __end__
ffffffff   __etext__
00009f0c   __mpyi_f5hw
00009d34   __mpyl_f5hw
ffffffff   __pinit__
00009ab6   __remi
00009ef6   __remu
00008cfe   __remul
ffffffff   __text__
00008b96   _auto_init
0000462e   _c_int00
0000462e   _c_int00_noexit
0000370a   _cleanup_ptr
0000370e   _dtors_ptr
00003702   _lock
0000a180   _nop
0000fffe   _reset_vector
00004360   _stack
0000a0b8   _system_pre_init
00003706   _unlock
00002378   abIEP0Buffer
00002370   abOEP0Buffer
0000360c   abUsbRequestIncomingData
00003604   abUsbRequestReturnData
0000a16e   abort
00003614   abramSerialStringDescriptor
0000ab82   abromConfigurationDescriptorGroup
0000adc8   abromDeviceDescriptor
0000ad16   abromReportDescriptor
0000aa0a   abromStringDescriptor
000036f1   accelData
000036f9   bDetectCard
00003638   bEnumerationStatus
00003637   bFunctionSuspended
00003420   bMcsCommandSupported
000034d1   bMscCbwFailed
00003422   bMscCbwReceived
000035d2   bMscResetRequired
0000ad7a   bScsi_Standard_Inquiry_Data
00003636   bStatusAction
000034d0   bUnitAttention
00002734   background
0000340c   backlight
ffffffff   binit
00003718   buttonDebounce
0000371a   buttonsPressed
00008bf2   checkInsertionRemoval
000046a0   cinit
0000340d   contrast
0000340b   currentColumn
0000340a   currentPage
0000991a   detectCard
00006f08   disk_initialize
000074ca   disk_ioctl
00007f2a   disk_read
00009d56   disk_status
00007b92   disk_write
000030d8   dogs102x6Memory
0000ae40   dust
00002a7a   dusts
0000372a   end
ffffffff   etext
00002a8a   explosions
00002402   frame
00004400   iUsbInterruptHandler
00003726   isMSCConfigured
00009376   lab7
00009ee0   lcg
00002ec6   logCnt
00006c82   main
000030cc   mediaInfo
00009b62   memcpy
00009a8a   memcpyDMA0
00009d76   memset
00002a66   mines
00002a84   missile
00003712   mouseReport
00008c4c   msc_Init
00008fe2   msc_Loop
00002a64   offset
00001c00   pbXBufferAddressEp1
00001d00   pbXBufferAddressEp2
00001e00   pbXBufferAddressEp3
00001c80   pbXBufferAddressEp81
00001d80   pbXBufferAddressEp82
00001c40   pbYBufferAddressEp1
00001d40   pbYBufferAddressEp2
00001cc0   pbYBufferAddressEp81
00001dc0   pbYBufferAddressEp82
0000ae36   piece
ffffffff   pinit
0000371c   positionData
0000371e   positionDataOld
0000871e   read_LUN0
000034ce   sCtrlLun
0000342c   sRwbuf
00002a9a   score
00002400   seed
00003716   sendNewMousePosition
0000a10a   simple_random_choice
0000ad4a   stUsbHandle
00000920   tEndPoint0DescriptorBlock
000023c8   tInputEndPointDescriptorBlock
00002388   tOutputEndPointDescriptorBlock
00002380   tSetupPacket
0000a8ac   tUsbRequestList
00003724   timeoutCounter
00009fd0   usbClearDeviceFeature
00008948   usbClearEndpointFeature
0000a12e   usbClearOEP0ByteCount
00009f4c   usbClearOEPByteCount
00008064   usbDecodeAndProcessUsbRequest
0000a04a   usbGetConfiguration
00009fe2   usbGetConfigurationDescriptor
00009ff4   usbGetDeviceDescriptor
00009c7c   usbGetDeviceStatus
0000878e   usbGetEndpointStatus
00009ae2   usbGetHidDescriptor
00009df0   usbGetInterface
00009e0a   usbGetInterfaceStatus
000093b6   usbGetLineCoding0
00009f22   usbGetReport
0000a084   usbGetReportDescriptor
0000922c   usbGetStringDescriptor
0000a0ac   usbInvalidRequest
0000adea   usbMouseText
0000a006   usbReceiveDataPacketOnEP0
000091e4   usbReceiveNextPacketOnOEP0
00009d96   usbSendDataPacketOnEP0
000086aa   usbSendNextPacketOnIEP0
0000a092   usbSendZeroLengthPacketOnIEP0
00009e24   usbSetAddress
00009db6   usbSetConfiguration
0000a176   usbSetControlLineState
0000a018   usbSetDeviceFeature
00009270   usbSetEndpointFeature
000093f6   usbSetInterface
0000a112   usbSetLineCoding0
0000a11a   usbSetReport
00009a30   usbStallEndpoint
0000a0e0   usbStallEndpoint0
00009f60   usbStallInEndpoint
0000a134   usbStallOEP0
00009f74   usbStallOutEndpoint
00008330   validateCSD
000035f6   wBytesRemainingOnIEP0
000035f8   wBytesRemainingOnOEP0
0000363a   wUsbEventMask
000088da   write_LUN0
00003424   xBufferAddr
00003428   yBufferAddr


GLOBAL SYMBOLS: SORTED BY Symbol Address 

address    name
--------   ----
00000001   __TI_args_main
00000001   __TI_auto_init
00000001   __TI_exit
000000a0   __STACK_SIZE
00000100   SFRIE1
00000100   SFRIE1_L
00000101   SFRIE1_H
00000102   SFRIFG1
00000102   SFRIFG1_L
00000103   SFRIFG1_H
00000104   SFRRPCR
00000104   SFRRPCR_L
00000105   SFRRPCR_H
00000120   PMMCTL0
00000120   PMMCTL0_L
00000121   PMMCTL0_H
00000122   PMMCTL1
00000122   PMMCTL1_L
00000123   PMMCTL1_H
00000124   SVSMHCTL
00000124   SVSMHCTL_L
00000125   SVSMHCTL_H
00000126   SVSMLCTL
00000126   SVSMLCTL_L
00000127   SVSMLCTL_H
00000128   SVSMIO
00000128   SVSMIO_L
00000129   SVSMIO_H
0000012c   PMMIFG
0000012c   PMMIFG_L
0000012d   PMMIFG_H
0000012e   PMMRIE
0000012e   PMMRIE_L
0000012f   PMMRIE_H
00000130   PM5CTL0
00000130   PM5CTL0_L
00000131   PM5CTL0_H
00000140   FCTL1
00000140   FCTL1_L
00000141   FCTL1_H
00000144   FCTL3
00000144   FCTL3_L
00000145   FCTL3_H
00000146   FCTL4
00000146   FCTL4_L
00000147   FCTL4_H
00000150   CRCDI
00000150   CRCDI_L
00000151   CRCDI_H
00000152   CRCDIRB
00000152   CRCDIRB_L
00000153   CRCDIRB_H
00000154   CRCINIRES
00000154   CRCINIRES_L
00000155   CRCINIRES_H
00000156   CRCRESR
00000156   CRCRESR_L
00000157   CRCRESR_H
00000158   RCCTL0
00000158   RCCTL0_L
00000159   RCCTL0_H
0000015c   WDTCTL
0000015c   WDTCTL_L
0000015d   WDTCTL_H
00000160   UCSCTL0
00000160   UCSCTL0_L
00000161   UCSCTL0_H
00000162   UCSCTL1
00000162   UCSCTL1_L
00000163   UCSCTL1_H
00000164   UCSCTL2
00000164   UCSCTL2_L
00000165   UCSCTL2_H
00000166   UCSCTL3
00000166   UCSCTL3_L
00000167   UCSCTL3_H
00000168   UCSCTL4
00000168   UCSCTL4_L
00000169   UCSCTL4_H
0000016a   UCSCTL5
0000016a   UCSCTL5_L
0000016b   UCSCTL5_H
0000016c   UCSCTL6
0000016c   UCSCTL6_L
0000016d   UCSCTL6_H
0000016e   UCSCTL7
0000016e   UCSCTL7_L
0000016f   UCSCTL7_H
00000170   UCSCTL8
00000170   UCSCTL8_L
00000171   UCSCTL8_H
00000180   SYSCTL
00000180   SYSCTL_L
00000181   SYSCTL_H
00000182   SYSBSLC
00000182   SYSBSLC_L
00000183   SYSBSLC_H
00000186   SYSJMBC
00000186   SYSJMBC_L
00000187   SYSJMBC_H
00000188   SYSJMBI0
00000188   SYSJMBI0_L
00000189   SYSJMBI0_H
0000018a   SYSJMBI1
0000018a   SYSJMBI1_L
0000018b   SYSJMBI1_H
0000018c   SYSJMBO0
0000018c   SYSJMBO0_L
0000018d   SYSJMBO0_H
0000018e   SYSJMBO1
0000018e   SYSJMBO1_L
0000018f   SYSJMBO1_H
00000198   SYSBERRIV
00000198   SYSBERRIV_L
00000199   SYSBERRIV_H
0000019a   SYSUNIV
0000019a   SYSUNIV_L
0000019b   SYSUNIV_H
0000019c   SYSSNIV
0000019c   SYSSNIV_L
0000019d   SYSSNIV_H
0000019e   SYSRSTIV
0000019e   SYSRSTIV_L
0000019f   SYSRSTIV_H
000001b0   REFCTL0
000001b0   REFCTL0_L
000001b1   REFCTL0_H
000001c0   PMAPKEYID
000001c0   PMAPKEYID_L
000001c1   PMAPKEYID_H
000001c2   PMAPCTL
000001c2   PMAPCTL_L
000001c3   PMAPCTL_H
000001e0   P4MAP01
000001e0   P4MAP01_L
000001e1   P4MAP01_H
000001e2   P4MAP23
000001e2   P4MAP23_L
000001e3   P4MAP23_H
000001e4   P4MAP45
000001e4   P4MAP45_L
000001e5   P4MAP45_H
000001e6   P4MAP67
000001e6   P4MAP67_L
000001e7   P4MAP67_H
00000200   PAIN
00000200   PAIN_L
00000201   PAIN_H
00000202   PAOUT
00000202   PAOUT_L
00000203   PAOUT_H
00000204   PADIR
00000204   PADIR_L
00000205   PADIR_H
00000206   PAREN
00000206   PAREN_L
00000207   PAREN_H
00000208   PADS
00000208   PADS_L
00000209   PADS_H
0000020a   PASEL
0000020a   PASEL_L
0000020b   PASEL_H
0000020e   P1IV
00000218   PAIES
00000218   PAIES_L
00000219   PAIES_H
0000021a   PAIE
0000021a   PAIE_L
0000021b   PAIE_H
0000021c   PAIFG
0000021c   PAIFG_L
0000021d   PAIFG_H
0000021e   P2IV
00000220   PBIN
00000220   PBIN_L
00000221   PBIN_H
00000222   PBOUT
00000222   PBOUT_L
00000223   PBOUT_H
00000224   PBDIR
00000224   PBDIR_L
00000225   PBDIR_H
00000226   PBREN
00000226   PBREN_L
00000227   PBREN_H
00000228   PBDS
00000228   PBDS_L
00000229   PBDS_H
0000022a   PBSEL
0000022a   PBSEL_L
0000022b   PBSEL_H
00000240   PCIN
00000240   PCIN_L
00000241   PCIN_H
00000242   PCOUT
00000242   PCOUT_L
00000243   PCOUT_H
00000244   PCDIR
00000244   PCDIR_L
00000245   PCDIR_H
00000246   PCREN
00000246   PCREN_L
00000247   PCREN_H
00000248   PCDS
00000248   PCDS_L
00000249   PCDS_H
0000024a   PCSEL
0000024a   PCSEL_L
0000024b   PCSEL_H
00000260   PDIN
00000260   PDIN_L
00000261   PDIN_H
00000262   PDOUT
00000262   PDOUT_L
00000263   PDOUT_H
00000264   PDDIR
00000264   PDDIR_L
00000265   PDDIR_H
00000266   PDREN
00000266   PDREN_L
00000267   PDREN_H
00000268   PDDS
00000268   PDDS_L
00000269   PDDS_H
0000026a   PDSEL
0000026a   PDSEL_L
0000026b   PDSEL_H
00000320   PJIN
00000320   PJIN_L
00000321   PJIN_H
00000322   PJOUT
00000322   PJOUT_L
00000323   PJOUT_H
00000324   PJDIR
00000324   PJDIR_L
00000325   PJDIR_H
00000326   PJREN
00000326   PJREN_L
00000327   PJREN_H
00000328   PJDS
00000328   PJDS_L
00000329   PJDS_H
00000340   TA0CTL
00000342   TA0CCTL0
00000344   TA0CCTL1
00000346   TA0CCTL2
00000348   TA0CCTL3
0000034a   TA0CCTL4
00000350   TA0R
00000352   TA0CCR0
00000354   TA0CCR1
00000356   TA0CCR2
00000358   TA0CCR3
0000035a   TA0CCR4
00000360   TA0EX0
0000036e   TA0IV
00000380   TA1CTL
00000382   TA1CCTL0
00000384   TA1CCTL1
00000386   TA1CCTL2
00000390   TA1R
00000392   TA1CCR0
00000394   TA1CCR1
00000396   TA1CCR2
000003a0   TA1EX0
000003ae   TA1IV
000003c0   TB0CTL
000003c2   TB0CCTL0
000003c4   TB0CCTL1
000003c6   TB0CCTL2
000003c8   TB0CCTL3
000003ca   TB0CCTL4
000003cc   TB0CCTL5
000003ce   TB0CCTL6
000003d0   TB0R
000003d2   TB0CCR0
000003d4   TB0CCR1
000003d6   TB0CCR2
000003d8   TB0CCR3
000003da   TB0CCR4
000003dc   TB0CCR5
000003de   TB0CCR6
000003e0   TB0EX0
000003ee   TB0IV
00000400   TA2CTL
00000402   TA2CCTL0
00000404   TA2CCTL1
00000406   TA2CCTL2
00000410   TA2R
00000412   TA2CCR0
00000414   TA2CCR1
00000416   TA2CCR2
00000420   TA2EX0
0000042e   TA2IV
000004a0   RTCCTL01
000004a0   RTCCTL01_L
000004a1   RTCCTL01_H
000004a2   RTCCTL23
000004a2   RTCCTL23_L
000004a3   RTCCTL23_H
000004a8   RTCPS0CTL
000004a8   RTCPS0CTL_L
000004a9   RTCPS0CTL_H
000004aa   RTCPS1CTL
000004aa   RTCPS1CTL_L
000004ab   RTCPS1CTL_H
000004ac   RTCPS
000004ac   RTCPS_L
000004ad   RTCPS_H
000004ae   RTCIV
000004b0   RTCTIM0
000004b0   RTCTIM0_L
000004b1   RTCTIM0_H
000004b2   RTCTIM1
000004b2   RTCTIM1_L
000004b3   RTCTIM1_H
000004b4   RTCDATE
000004b4   RTCDATE_L
000004b5   RTCDATE_H
000004b6   RTCYEAR
000004b6   RTCYEAR_L
000004b7   RTCYEAR_H
000004b8   RTCAMINHR
000004b8   RTCAMINHR_L
000004b9   RTCAMINHR_H
000004ba   RTCADOWDAY
000004ba   RTCADOWDAY_L
000004bb   RTCADOWDAY_H
000004c0   MPY
000004c0   MPY_L
000004c1   MPY_H
000004c2   MPYS
000004c2   MPYS_L
000004c3   MPYS_H
000004c4   MAC
000004c4   MAC_L
000004c5   MAC_H
000004c6   MACS
000004c6   MACS_L
000004c7   MACS_H
000004c8   OP2
000004c8   OP2_L
000004c9   OP2_H
000004ca   RESLO
000004ca   RESLO_L
000004cb   RESLO_H
000004cc   RESHI
000004cc   RESHI_L
000004cd   RESHI_H
000004ce   SUMEXT
000004ce   SUMEXT_L
000004cf   SUMEXT_H
000004d0   MPY32L
000004d0   MPY32L_L
000004d1   MPY32L_H
000004d2   MPY32H
000004d2   MPY32H_L
000004d3   MPY32H_H
000004d4   MPYS32L
000004d4   MPYS32L_L
000004d5   MPYS32L_H
000004d6   MPYS32H
000004d6   MPYS32H_L
000004d7   MPYS32H_H
000004d8   MAC32L
000004d8   MAC32L_L
000004d9   MAC32L_H
000004da   MAC32H
000004da   MAC32H_L
000004db   MAC32H_H
000004dc   MACS32L
000004dc   MACS32L_L
000004dd   MACS32L_H
000004de   MACS32H
000004de   MACS32H_L
000004df   MACS32H_H
000004e0   OP2L
000004e0   OP2L_L
000004e1   OP2L_H
000004e2   OP2H
000004e2   OP2H_L
000004e3   OP2H_H
000004e4   RES0
000004e4   RES0_L
000004e5   RES0_H
000004e6   RES1
000004e6   RES1_L
000004e7   RES1_H
000004e8   RES2
000004e8   RES2_L
000004e9   RES2_H
000004ea   RES3
000004ea   RES3_L
000004eb   RES3_H
000004ec   MPY32CTL0
000004ec   MPY32CTL0_L
000004ed   MPY32CTL0_H
00000500   DMACTL0
00000500   DMACTL0_L
00000501   DMACTL0_H
00000502   DMACTL1
00000502   DMACTL1_L
00000503   DMACTL1_H
00000504   DMACTL2
00000504   DMACTL2_L
00000505   DMACTL2_H
00000506   DMACTL3
00000506   DMACTL3_L
00000507   DMACTL3_H
00000508   DMACTL4
00000508   DMACTL4_L
00000509   DMACTL4_H
0000050e   DMAIV
0000050e   DMAIV_L
0000050f   DMAIV_H
00000510   DMA0CTL
00000510   DMA0CTL_L
00000511   DMA0CTL_H
00000512   DMA0SA
00000512   DMA0SAL
00000516   DMA0DA
00000516   DMA0DAL
0000051a   DMA0SZ
00000520   DMA1CTL
00000520   DMA1CTL_L
00000521   DMA1CTL_H
00000522   DMA1SA
00000522   DMA1SAL
00000526   DMA1DA
00000526   DMA1DAL
0000052a   DMA1SZ
00000530   DMA2CTL
00000530   DMA2CTL_L
00000531   DMA2CTL_H
00000532   DMA2SA
00000532   DMA2SAL
00000536   DMA2DA
00000536   DMA2DAL
0000053a   DMA2SZ
000005c0   UCA0CTLW0
000005c0   UCA0CTLW0_L
000005c1   UCA0CTLW0_H
000005c6   UCA0BRW
000005c6   UCA0BRW_L
000005c7   UCA0BRW_H
000005c8   UCA0MCTL
000005ca   UCA0STAT
000005cc   UCA0RXBUF
000005ce   UCA0TXBUF
000005d0   UCA0ABCTL
000005d2   UCA0IRCTL
000005d2   UCA0IRCTL_L
000005d3   UCA0IRCTL_H
000005dc   UCA0ICTL
000005dc   UCA0ICTL_L
000005dd   UCA0ICTL_H
000005de   UCA0IV
000005e0   UCB0CTLW0
000005e0   UCB0CTLW0_L
000005e1   UCB0CTLW0_H
000005e6   UCB0BRW
000005e6   UCB0BRW_L
000005e7   UCB0BRW_H
000005ea   UCB0STAT
000005ec   UCB0RXBUF
000005ee   UCB0TXBUF
000005f0   UCB0I2COA
000005f0   UCB0I2COA_L
000005f1   UCB0I2COA_H
000005f2   UCB0I2CSA
000005f2   UCB0I2CSA_L
000005f3   UCB0I2CSA_H
000005fc   UCB0ICTL
000005fc   UCB0ICTL_L
000005fd   UCB0ICTL_H
000005fe   UCB0IV
00000600   UCA1CTLW0
00000600   UCA1CTLW0_L
00000601   UCA1CTLW0_H
00000606   UCA1BRW
00000606   UCA1BRW_L
00000607   UCA1BRW_H
00000608   UCA1MCTL
0000060a   UCA1STAT
0000060c   UCA1RXBUF
0000060e   UCA1TXBUF
00000610   UCA1ABCTL
00000612   UCA1IRCTL
00000612   UCA1IRCTL_L
00000613   UCA1IRCTL_H
0000061c   UCA1ICTL
0000061c   UCA1ICTL_L
0000061d   UCA1ICTL_H
0000061e   UCA1IV
00000620   UCB1CTLW0
00000620   UCB1CTLW0_L
00000621   UCB1CTLW0_H
00000626   UCB1BRW
00000626   UCB1BRW_L
00000627   UCB1BRW_H
0000062a   UCB1STAT
0000062c   UCB1RXBUF
0000062e   UCB1TXBUF
00000630   UCB1I2COA
00000630   UCB1I2COA_L
00000631   UCB1I2COA_H
00000632   UCB1I2CSA
00000632   UCB1I2CSA_L
00000633   UCB1I2CSA_H
0000063c   UCB1ICTL
0000063c   UCB1ICTL_L
0000063d   UCB1ICTL_H
0000063e   UCB1IV
00000700   ADC12CTL0
00000700   ADC12CTL0_L
00000701   ADC12CTL0_H
00000702   ADC12CTL1
00000702   ADC12CTL1_L
00000703   ADC12CTL1_H
00000704   ADC12CTL2
00000704   ADC12CTL2_L
00000705   ADC12CTL2_H
0000070a   ADC12IFG
0000070a   ADC12IFG_L
0000070b   ADC12IFG_H
0000070c   ADC12IE
0000070c   ADC12IE_L
0000070d   ADC12IE_H
0000070e   ADC12IV
0000070e   ADC12IV_L
0000070f   ADC12IV_H
00000710   ADC12MCTL0
00000711   ADC12MCTL1
00000712   ADC12MCTL2
00000713   ADC12MCTL3
00000714   ADC12MCTL4
00000715   ADC12MCTL5
00000716   ADC12MCTL6
00000717   ADC12MCTL7
00000718   ADC12MCTL8
00000719   ADC12MCTL9
0000071a   ADC12MCTL10
0000071b   ADC12MCTL11
0000071c   ADC12MCTL12
0000071d   ADC12MCTL13
0000071e   ADC12MCTL14
0000071f   ADC12MCTL15
00000720   ADC12MEM0
00000720   ADC12MEM0_L
00000721   ADC12MEM0_H
00000722   ADC12MEM1
00000722   ADC12MEM1_L
00000723   ADC12MEM1_H
00000724   ADC12MEM2
00000724   ADC12MEM2_L
00000725   ADC12MEM2_H
00000726   ADC12MEM3
00000726   ADC12MEM3_L
00000727   ADC12MEM3_H
00000728   ADC12MEM4
00000728   ADC12MEM4_L
00000729   ADC12MEM4_H
0000072a   ADC12MEM5
0000072a   ADC12MEM5_L
0000072b   ADC12MEM5_H
0000072c   ADC12MEM6
0000072c   ADC12MEM6_L
0000072d   ADC12MEM6_H
0000072e   ADC12MEM7
0000072e   ADC12MEM7_L
0000072f   ADC12MEM7_H
00000730   ADC12MEM8
00000730   ADC12MEM8_L
00000731   ADC12MEM8_H
00000732   ADC12MEM9
00000732   ADC12MEM9_L
00000733   ADC12MEM9_H
00000734   ADC12MEM10
00000734   ADC12MEM10_L
00000735   ADC12MEM10_H
00000736   ADC12MEM11
00000736   ADC12MEM11_L
00000737   ADC12MEM11_H
00000738   ADC12MEM12
00000738   ADC12MEM12_L
00000739   ADC12MEM12_H
0000073a   ADC12MEM13
0000073a   ADC12MEM13_L
0000073b   ADC12MEM13_H
0000073c   ADC12MEM14
0000073c   ADC12MEM14_L
0000073d   ADC12MEM14_H
0000073e   ADC12MEM15
0000073e   ADC12MEM15_L
0000073f   ADC12MEM15_H
000008c0   CBCTL0
000008c0   CBCTL0_L
000008c1   CBCTL0_H
000008c2   CBCTL1
000008c2   CBCTL1_L
000008c3   CBCTL1_H
000008c4   CBCTL2
000008c4   CBCTL2_L
000008c5   CBCTL2_H
000008c6   CBCTL3
000008c6   CBCTL3_L
000008c7   CBCTL3_H
000008cc   CBINT
000008cc   CBINT_L
000008cd   CBINT_H
000008ce   CBIV
00000900   USBKEYID
00000900   USBKEYID_L
00000901   USBKEYID_H
00000902   USBCNF
00000902   USBCNF_L
00000903   USBCNF_H
00000904   USBPHYCTL
00000904   USBPHYCTL_L
00000905   USBPHYCTL_H
00000908   USBPWRCTL
00000908   USBPWRCTL_L
00000909   USBPWRCTL_H
00000910   USBPLLCTL
00000910   USBPLLCTL_L
00000911   USBPLLCTL_H
00000912   USBPLLDIVB
00000912   USBPLLDIVB_L
00000913   USBPLLDIVB_H
00000914   USBPLLIR
00000914   USBPLLIR_L
00000915   USBPLLIR_H
00000920   USBIEPCNF_0
00000920   tEndPoint0DescriptorBlock
00000921   USBIEPCNT_0
00000922   USBOEPCNF_0
00000923   USBOEPCNT_0
0000092e   USBIEPIE
0000092f   USBOEPIE
00000930   USBIEPIFG
00000931   USBOEPIFG
00000932   USBVECINT
00000932   USBVECINT_L
00000933   USBVECINT_H
00000936   USBMAINT
00000936   USBMAINT_L
00000937   USBMAINT_H
00000938   USBTSREG
00000938   USBTSREG_L
00000939   USBTSREG_H
0000093a   USBFN
0000093a   USBFN_L
0000093b   USBFN_H
0000093c   USBCTL
0000093d   USBIE
0000093e   USBIFG
0000093f   USBFUNADR
00001c00   USBSTABUFF
00001c00   pbXBufferAddressEp1
00001c40   pbYBufferAddressEp1
00001c80   pbXBufferAddressEp81
00001cc0   pbYBufferAddressEp81
00001d00   pbXBufferAddressEp2
00001d40   pbYBufferAddressEp2
00001d80   pbXBufferAddressEp82
00001dc0   pbYBufferAddressEp82
00001e00   pbXBufferAddressEp3
0000236f   USBTOPBUFF
00002370   USBOEP0BUF
00002370   abOEP0Buffer
00002378   USBIEP0BUF
00002378   abIEP0Buffer
00002380   USBSUBLK
00002380   tSetupPacket
00002388   USBOEPCNF_1
00002388   tOutputEndPointDescriptorBlock
00002389   USBOEPBBAX_1
0000238a   USBOEPBCTX_1
0000238d   USBOEPBBAY_1
0000238e   USBOEPBCTY_1
0000238f   USBOEPSIZXY_1
00002390   USBOEPCNF_2
00002391   USBOEPBBAX_2
00002392   USBOEPBCTX_2
00002395   USBOEPBBAY_2
00002396   USBOEPBCTY_2
00002397   USBOEPSIZXY_2
00002398   USBOEPCNF_3
00002399   USBOEPBBAX_3
0000239a   USBOEPBCTX_3
0000239d   USBOEPBBAY_3
0000239e   USBOEPBCTY_3
0000239f   USBOEPSIZXY_3
000023a0   USBOEPCNF_4
000023a1   USBOEPBBAX_4
000023a2   USBOEPBCTX_4
000023a5   USBOEPBBAY_4
000023a6   USBOEPBCTY_4
000023a7   USBOEPSIZXY_4
000023a8   USBOEPCNF_5
000023a9   USBOEPBBAX_5
000023aa   USBOEPBCTX_5
000023ad   USBOEPBBAY_5
000023ae   USBOEPBCTY_5
000023af   USBOEPSIZXY_5
000023b0   USBOEPCNF_6
000023b1   USBOEPBBAX_6
000023b2   USBOEPBCTX_6
000023b5   USBOEPBBAY_6
000023b6   USBOEPBCTY_6
000023b7   USBOEPSIZXY_6
000023b8   USBOEPCNF_7
000023b9   USBOEPBBAX_7
000023ba   USBOEPBCTX_7
000023bd   USBOEPBBAY_7
000023be   USBOEPBCTY_7
000023bf   USBOEPSIZXY_7
000023c8   USBIEPCNF_1
000023c8   tInputEndPointDescriptorBlock
000023c9   USBIEPBBAX_1
000023ca   USBIEPBCTX_1
000023cd   USBIEPBBAY_1
000023ce   USBIEPBCTY_1
000023cf   USBIEPSIZXY_1
000023d0   USBIEPCNF_2
000023d1   USBIEPBBAX_2
000023d2   USBIEPBCTX_2
000023d5   USBIEPBBAY_2
000023d6   USBIEPBCTY_2
000023d7   USBIEPSIZXY_2
000023d8   USBIEPCNF_3
000023d9   USBIEPBBAX_3
000023da   USBIEPBCTX_3
000023dd   USBIEPBBAY_3
000023de   USBIEPBCTY_3
000023df   USBIEPSIZXY_3
000023e0   USBIEPCNF_4
000023e1   USBIEPBBAX_4
000023e2   USBIEPBCTX_4
000023e5   USBIEPBBAY_4
000023e6   USBIEPBCTY_4
000023e7   USBIEPSIZXY_4
000023e8   USBIEPCNF_5
000023e9   USBIEPBBAX_5
000023ea   USBIEPBCTX_5
000023ed   USBIEPBBAY_5
000023ee   USBIEPBCTY_5
000023ef   USBIEPSIZXY_5
000023f0   USBIEPCNF_6
000023f1   USBIEPBBAX_6
000023f2   USBIEPBCTX_6
000023f5   USBIEPBBAY_6
000023f6   USBIEPBCTY_6
000023f7   USBIEPSIZXY_6
000023f8   USBIEPCNF_7
000023f9   USBIEPBBAX_7
000023fa   USBIEPBCTX_7
000023fd   USBIEPBBAY_7
000023fe   USBIEPBCTY_7
000023ff   USBIEPSIZXY_7
00002400   .bss
00002400   __bss__
00002400   seed
00002402   frame
00002734   background
00002a64   offset
00002a66   mines
00002a7a   dusts
00002a84   missile
00002a8a   explosions
00002a9a   score
00002ac4   RW_dataBuf
00002ec4   DataCnt
00002ec6   logCnt
00002ec8   RWbuf_info
00002ecc   RWbuf
000030cc   mediaInfo
000030d8   dogs102x6Memory
0000340a   currentPage
0000340b   currentColumn
0000340c   backlight
0000340d   contrast
0000340e   Dogs102x6_initMacro
00003420   bMcsCommandSupported
00003422   bMscCbwReceived
00003424   xBufferAddr
00003428   yBufferAddr
0000342c   sRwbuf
0000343a   Scsi_Residue
0000343e   McsCbw
0000345e   McsCsw
0000346c   RequestSenseResponse
0000348c   MscWriteControl
000034ac   MscReadControl
000034c8   MscControl
000034ce   sCtrlLun
000034d0   bUnitAttention
000034d1   bMscCbwFailed
000034d2   Scsi_Standard_Inquiry_Data
000035d2   bMscResetRequired
000035d4   Scsi_Read_Capacity_10
000035dc   Scsi_Mode_Sense_6
000035e0   Scsi_Mode_Sense_10
000035e8   Scsi_Read_Format_Capacity
000035f6   wBytesRemainingOnIEP0
000035f8   wBytesRemainingOnOEP0
00003604   abUsbRequestReturnData
0000360c   abUsbRequestIncomingData
00003614   abramSerialStringDescriptor
00003636   bStatusAction
00003637   bFunctionSuspended
00003638   bEnumerationStatus
0000363a   wUsbEventMask
000036d2   USBMSC_config
000036f1   accelData
000036f2   RevID
000036f3   Cma3000_xAccel
000036f4   Cma3000_yAccel
000036f5   Cma3000_zAccel
000036f6   Cma3000_xAccel_offset
000036f7   Cma3000_yAccel_offset
000036f8   Cma3000_zAccel_offset
000036f9   bDetectCard
000036fa   USB_TX_memcpy
000036fe   USB_RX_memcpy
00003702   _lock
00003706   _unlock
0000370a   _cleanup_ptr
0000370e   _dtors_ptr
00003712   mouseReport
00003716   sendNewMousePosition
00003718   buttonDebounce
0000371a   buttonsPressed
0000371c   positionData
0000371e   positionDataOld
00003720   INS
00003724   timeoutCounter
00003726   isMSCConfigured
0000372a   __end__
0000372a   end
00004360   _stack
00004400   __STACK_END
00004400   iUsbInterruptHandler
00004578   UNMI_ISR
000045b6   Port1_ISR
000045f2   Port2_ISR
0000462e   _c_int00
0000462e   _c_int00_noexit
00004658   WDT_ISR
00004672   TIMER2_A0_ISR
0000468a   ADC12_ISR
000046a0   __cinit__
000046a0   cinit
0000482e   UpdateMissile
00004d60   RandomNumber
00005212   LaunchpadDef
0000566a   UpdateBackground
00005980   USBMSC_bufferProcessed
00005c48   UpdateMines1
00005ef8   Scsi_Cmd_Parser
000060de   USBMSC_updateMediaInfo
00006280   MSCFromHostToBuffer
0000641e   DrawExplosions
00006594   CdcToHostFromBuffer
00006702   HidToHostFromBuffer
0000686e   MSCToHostFromBuffer
000069d0   HidToBufferFromHost
00006b2a   USB_reset
00006c82   main
00006dc6   Mouse
00006f08   disk_initialize
00007044   DrawShip
0000717e   CdcToBufferFromHost
000072ac   Scsi_Inquiry
000073d0   USBMSC_poll
000074ca   disk_ioctl
000075b4   Board_init
00007698   Init_FLL
0000777c   USB_InitSerialStringDescriptor
00007856   Scsi_Request_Sense
00007926   USBHID_sendReport
000079f6   Check_CBW
00007b92   disk_write
00007c58   Scsi_Write10
00007d18   Scsi_Read10
00007e88   Menu_active
00007f2a   disk_read
00007fca   Cma3000_init
00008064   usbDecodeAndProcessUsbRequest
000080fc   USB_connectionState
0000821e   Dogs102x6_charDraw
000082a8   USB_enable
00008330   validateCSD
000083b6   CopyUsbToBuff
0000843a   HidCopyUsbToBuff
000084be   DrawImage
0000853e   Dogs102x6_stringDraw
000085b8   Scsi_Unknown_Request
00008632   Dogs102x6_init
000086aa   usbSendNextPacketOnIEP0
0000871e   read_LUN0
0000878e   usbGetEndpointStatus
000087fe   Dogs102x6_writeData
0000886c   MscCopyUsbToBuff
000088da   write_LUN0
00008948   usbClearEndpointFeature
000089b0   Msc_ResetStruct
00008a14   Reset_RequestSenseResponse
00008a78   Get_TLV_Info
00008ada   MscSendData
00008b3a   Scsi_Verify_CBW
00008b96   _auto_init
00008bf2   checkInsertionRemoval
00008c4c   msc_Init
00008ca6   Dogs102x6_setAddress
00008cfe   __divul
00008cfe   __remul
00008d56   Dogs102x6_clearRow
00008dac   USB_init
00008e02   Wheel_getValue
00008eaa   Board_ledOff
00008ef8   Board_ledToggle
00008f46   OEP0InterruptHandler
00008fe2   msc_Loop
0000902e   Cma3000_readRegister
00009078   Cma3000_writeRegister
000090c2   SDCard_init
0000910c   Dogs102x6_clearImage
00009154   PWRVBUSoffHandler
0000919c   SetupPacketInterruptHandler
000091e4   usbReceiveNextPacketOnOEP0
0000922c   usbGetStringDescriptor
00009270   usbSetEndpointFeature
000092b4   USBMSC_reset
000092f6   Cma3000_readAccel
00009336   Dogs102x6_imageDraw
00009376   lab7
000093b6   usbGetLineCoding0
000093f6   usbSetInterface
00009436   Dogs102x6_setBacklight
00009474   SetVCore
000094b2   USBMSC_getState
000094f0   L_LSL_15
000094f4   L_LSL_14
000094f8   L_LSL_13
000094fc   L_LSL_12
00009500   L_LSL_11
00009504   L_LSL_10
00009508   L_LSL_9
0000950c   L_LSL_8
00009510   L_LSL_7
00009514   L_LSL_6
00009518   L_LSL_5
0000951c   L_LSL_4
00009520   L_LSL_3
00009524   L_LSL_2
00009528   L_LSL_1
0000952e   L_LSR_15
00009532   L_LSR_14
00009536   L_LSR_13
0000953a   L_LSR_12
0000953e   L_LSR_11
00009542   L_LSR_10
00009546   L_LSR_9
0000954a   L_LSR_8
0000954e   L_LSR_7
00009552   L_LSR_6
00009556   L_LSR_5
0000955a   L_LSR_4
0000955e   L_LSR_3
00009562   L_LSR_2
00009566   L_LSR_1
0000956c   Dogs102x6_writeCommand
000095a8   Scsi_Send_CSW
000095e4   LFXT_Start
0000961c   Dogs102x6_clearScreen
00009652   PWRVBUSonHandler
00009688   Scsi_Mode_Sense10
000096be   Scsi_Mode_Sense6
000096f4   Wheel_getPosition
0000972a   CdcIsReceiveInProgress
0000975c   Dogs102x6_setContrast
0000978e   HidIsReceiveInProgress
000097c0   Init_FLL_Settle
000097f2   SDCard_readFrame
00009824   USB_connectionInfo
00009856   USB_suspend
000098ba   Dogs102x6_backlightInit
000098ea   XT2_Start
0000991a   detectCard
0000994a   Handler_SetLineCoding0
00009978   Handler_SetLineCoding1
000099a6   Handler_SetLineCoding2
000099d4   MscResetData
00009a02   USBMSC_registerBufInfo
00009a30   usbStallEndpoint
00009a5e   Scsi_Read_Capacity10
00009a8a   memcpyDMA0
00009ab6   __divi
00009ab6   __remi
00009ae2   usbGetHidDescriptor
00009b0e   CdcResetData
00009b38   HidResetData
00009b62   memcpy
00009b8c   SDCard_sendFrame
00009bb4   SET_RequestsenseMediaNotPresent
00009bdc   SET_RequestsenseNotReady
00009c04   Scsi_Report_Luns
00009c2c   USB_connect
00009c54   USB_initMemcpy
00009c7c   usbGetDeviceStatus
00009ca4   Wheel_init
00009cca   Cma3000_disable
00009cee   RandomAddEntropy
00009d12   USB_disable
00009d34   __mpyl_f5hw
00009d56   disk_status
00009d76   memset
00009d96   usbSendDataPacketOnEP0
00009db6   usbSetConfiguration
00009dd4   IEP0InterruptHandler
00009df0   usbGetInterface
00009e0a   usbGetInterfaceStatus
00009e24   usbSetAddress
00009e3e   Cma3000_readAccel_offset
00009e56   Get_MaxLUN
00009e6e   USB_resume
00009e9e   Dogs102x6_clearInverseDisplay
00009eb4   Dogs102x6_setInverseDisplay
00009eca   Scsi_Test_Unit_Ready
00009ee0   lcg
00009ef6   __divu
00009ef6   __remu
00009f0c   __mpyi_f5hw
00009f22   usbGetReport
00009f38   USB_handleVbusOnEvent
00009f4c   usbClearOEPByteCount
00009f60   usbStallInEndpoint
00009f74   usbStallOutEndpoint
00009f88   Buttons_interruptEnable
00009f9a   SDCard_fastMode
00009fbe   L_ROTL
00009fd0   usbClearDeviceFeature
00009fe2   usbGetConfigurationDescriptor
00009ff4   usbGetDeviceDescriptor
0000a006   usbReceiveDataPacketOnEP0
0000a018   usbSetDeviceFeature
0000a02a   Buttons_startWDT
0000a03a   L_LSL
0000a04a   usbGetConfiguration
0000a05a   Buttons_init
0000a068   Cma3000_setAccel_offset
0000a076   Msc_ResetStateMachine
0000a084   usbGetReportDescriptor
0000a092   usbSendZeroLengthPacketOnIEP0
0000a0a0   MscResetCtrlLun
0000a0ac   usbInvalidRequest
0000a0b8   _system_pre_init
0000a0c2   I_ASR
0000a0cc   I_LSL
0000a0d6   I_LSR
0000a0e0   usbStallEndpoint0
0000a0ea   Handler_InFeature
0000a0f2   SDCard_setCSHigh
0000a0fa   SDCard_setCSLow
0000a102   USB_setEnabledEvents
0000a10a   simple_random_choice
0000a112   usbSetLineCoding0
0000a11a   usbSetReport
0000a122   Msc_ResetFlags
0000a128   USBMSC_fetchInfoStruct
0000a12e   usbClearOEP0ByteCount
0000a134   usbStallOEP0
0000a13a   USBCDC_handleDataReceived
0000a13e   USBCDC_handleReceiveCompleted
0000a142   USBCDC_handleSendCompleted
0000a146   USBHID_handleDataReceived
0000a14a   USBHID_handleReceiveCompleted
0000a14e   USBHID_handleSendCompleted
0000a152   USBMSC_handleBufferEvent
0000a156   USB_handleClockEvent
0000a15a   USB_handleEnumCompleteEvent
0000a15e   USB_handleResetEvent
0000a162   USB_handleResumeEvent
0000a166   USB_handleSuspendEvent
0000a16a   USB_handleVbusOffEvent
0000a16e   C$$EXIT
0000a16e   abort
0000a176   usbSetControlLineState
0000a17e   Handler_InReport
0000a180   _nop
0000a8ac   tUsbRequestList
0000aa0a   abromStringDescriptor
0000ab82   abromConfigurationDescriptorGroup
0000ad16   abromReportDescriptor
0000ad4a   stUsbHandle
0000ad7a   bScsi_Standard_Inquiry_Data
0000ad9e   Game_explosion
0000adc8   abromDeviceDescriptor
0000adda   Report_Luns
0000adea   usbMouseText
0000ae06   Game_ship
0000ae10   Game_explosion4
0000ae1a   Game_mine2
0000ae22   Game_explosion3
0000ae2a   Game_mine1
0000ae30   Game_explosion2
0000ae36   piece
0000ae3a   Game_explosion1
0000ae3e   BYTES_PER_BLOCK
0000ae40   dust
0000fffe   _reset_vector
ffffffff   .text
ffffffff   __binit__
ffffffff   __c_args__
ffffffff   __etext__
ffffffff   __pinit__
ffffffff   __text__
ffffffff   binit
ffffffff   etext
ffffffff   pinit

[1122 symbols]
